Microchip Technology Inc, v2.10 (B)

Tool Name:
  c:\program files\microchip\xc16\v2.10\bin\bin\..\bin/elf-ld.exe

Command:
  -p24FJ64GA002 \
  --mdfp=C:/Program Files/Microchip/MPLABX/v6.15/packs/Microchip/PIC24F-GA-GB_DFP/1.9.336/xc16 \
  -o \
  dist/BusPirate_v3/production/busPirate.X.production.elf \
  -Lc:/program files/microchip/xc16/v2.10/bin/bin/.. \
  -LC:/Program Files/Microchip/MPLABX/v6.15/packs/Microchip/PIC24F-GA-GB_DFP/1.9.336/xc16/bin/../support/PIC24F/gld \
  -Lc:/program files/microchip/xc16/v2.10/bin/bin/../../lib \
  -Lc:/program files/microchip/xc16/v2.10/bin/bin/../../support/PIC24E/gld \
  -Lc:/program files/microchip/xc16/v2.10/bin/bin/../../support/PIC24F/gld \
  -Lc:/program files/microchip/xc16/v2.10/bin/bin/../../support/PIC24H/gld \
  -Lc:/program files/microchip/xc16/v2.10/bin/bin/../../support/dsPIC30F/gld \
  -Lc:/program files/microchip/xc16/v2.10/bin/bin/../../support/dsPIC33C/gld \
  -Lc:/program files/microchip/xc16/v2.10/bin/bin/../../support/dsPIC33E/gld \
  -Lc:/program files/microchip/xc16/v2.10/bin/bin/../../support/dsPIC33F/gld \
  build/BusPirate_v3/production/_ext/1472/1wire.o \
  build/BusPirate_v3/production/_ext/1472/base.o \
  build/BusPirate_v3/production/_ext/1472/basic.o \
  build/BusPirate_v3/production/_ext/1472/bitbang.o \
  build/BusPirate_v3/production/_ext/1472/dio.o \
  build/BusPirate_v3/production/_ext/1472/jtag.o \
  build/BusPirate_v3/production/_ext/760884769/lenval.o \
  build/BusPirate_v3/production/_ext/760884769/micro.o \
  build/BusPirate_v3/production/_ext/760884769/ports.o \
  build/BusPirate_v3/production/_ext/1472/main.o \
  build/BusPirate_v3/production/_ext/1472/pc_at_keyboard.o \
  build/BusPirate_v3/production/_ext/1472/pic.o \
  build/BusPirate_v3/production/_ext/1472/raw2wire.o \
  build/BusPirate_v3/production/_ext/1472/raw3wire.o \
  build/BusPirate_v3/production/_ext/1472/selftest.o \
  build/BusPirate_v3/production/_ext/1472/smps.o \
  build/BusPirate_v3/production/_ext/1472/sump.o \
  build/BusPirate_v3/production/_ext/1472/i2c.o \
  build/BusPirate_v3/production/_ext/1472/hd44780.o \
  build/BusPirate_v3/production/_ext/1472/spi.o \
  build/BusPirate_v3/production/_ext/1472/uart.o \
  build/BusPirate_v3/production/_ext/1472/openocd.o \
  build/BusPirate_v3/production/_ext/1472/openocd_asm.o \
  build/BusPirate_v3/production/_ext/1472/messages_v3.o \
  build/BusPirate_v3/production/_ext/1472/messages.o \
  build/BusPirate_v3/production/_ext/1472/binary_io.o \
  build/BusPirate_v3/production/_ext/1472/proc_menu.o \
  build/BusPirate_v3/production/_ext/1472/core.o \
  build/BusPirate_v3/production/_ext/1472/uart2.o \
  build/BusPirate_v3/production/_ext/1472/aux_pin.o \
  --defsym=__MPLAB_BUILD=1 \
  -Tp24FJ64GA002.gld.00 \
  --check-sections \
  --data-init \
  --pack-data \
  --handles \
  --isr \
  --gc-sections \
  --fill-upper=0 \
  --stackguard=16 \
  --library-path=../../../../Program Files/Microchip/MPLAB C30/lib \
  --library-path=.. \
  --no-force-link \
  --smart-io \
  -Map=BusPirate_V3.map \
  --report-mem \
  --cref \
  --warn-section-align \
  --memorysummary \
  dist/BusPirate_v3/production/memoryfile.xml \
  -start-group \
  --library=c99-pic30-elf \
  --library=m-elf \
  --library=c99-elf \
  -end-group \


Optional library libpPIC24Fxxx.a not found
Archive member included because of file (symbol)

c:/program files/microchip/xc16/v2.10/bin/bin/../../lib\libc99-pic30-elf.a(crt0_standard.o)
                              (__resetPRI)
c:/program files/microchip/xc16/v2.10/bin/bin/../../lib\libc99-pic30-elf.a(data_init_standard.o)
                              c:/program files/microchip/xc16/v2.10/bin/bin/../../lib\libc99-pic30-elf.a(crt0_standard.o) (__data_init_standard)
c:/program files/microchip/xc16/v2.10/bin/bin/../../lib\libc99-pic30-elf.a(crt_start_mode_normal.Meo)
                              (__crt_start_mode_normal)
c:/program files/microchip/xc16/v2.10/bin/bin/../../lib\libc99-pic30-elf.a(feqltle.XX_o)
                              build/BusPirate_v3/production/_ext/1472/aux_pin.o (___ltsf2)
c:/program files/microchip/xc16/v2.10/bin/bin/../../lib\libc99-pic30-elf.a(fgtge.XX_o)
                              build/BusPirate_v3/production/_ext/1472/aux_pin.o (___gtsf2)
c:/program files/microchip/xc16/v2.10/bin/bin/../../lib\libc99-pic30-elf.a(fixunssfdi.XX_o)
                              build/BusPirate_v3/production/_ext/1472/aux_pin.o (___fixunssfdi)
c:/program files/microchip/xc16/v2.10/bin/bin/../../lib\libc99-pic30-elf.a(fixunssfsi.XX_o)
                              build/BusPirate_v3/production/_ext/1472/aux_pin.o (___fixunssfsi)
c:/program files/microchip/xc16/v2.10/bin/bin/../../lib\libc99-pic30-elf.a(floatsisf.XX_o)
                              build/BusPirate_v3/production/_ext/1472/aux_pin.o (___floatsisf)
c:/program files/microchip/xc16/v2.10/bin/bin/../../lib\libc99-pic30-elf.a(floatundisf.XX_o)
[...]
Memory Configuration

Name             Origin             Length             Attributes
data             0x000800           0x001ffa           a !xr
reset            0x000000           0x000004  
ivt              0x000004           0x0000fc  
_reserved        0x000100           0x000004  
aivt             0x000104           0x0000fc  
program          0x000200           0x00a5fc           xr
CONFIG2          0x00abfc           0x000002  
CONFIG1          0x00abfe           0x000002  
*default*        0x000000           0xffffffff  

Linker script and memory map

LOAD build/BusPirate_v3/production/_ext/1472/1wire.o
LOAD build/BusPirate_v3/production/_ext/1472/base.o
LOAD build/BusPirate_v3/production/_ext/1472/basic.o
LOAD build/BusPirate_v3/production/_ext/1472/bitbang.o
LOAD build/BusPirate_v3/production/_ext/1472/dio.o
LOAD build/BusPirate_v3/production/_ext/1472/jtag.o
LOAD build/BusPirate_v3/production/_ext/760884769/lenval.o
LOAD build/BusPirate_v3/production/_ext/760884769/micro.o
LOAD build/BusPirate_v3/production/_ext/760884769/ports.o
LOAD build/BusPirate_v3/production/_ext/1472/main.o
LOAD build/BusPirate_v3/production/_ext/1472/pc_at_keyboard.o
LOAD build/BusPirate_v3/production/_ext/1472/pic.o
LOAD build/BusPirate_v3/production/_ext/1472/raw2wire.o
LOAD build/BusPirate_v3/production/_ext/1472/raw3wire.o
LOAD build/BusPirate_v3/production/_ext/1472/selftest.o
LOAD build/BusPirate_v3/production/_ext/1472/smps.o
LOAD build/BusPirate_v3/production/_ext/1472/sump.o
LOAD build/BusPirate_v3/production/_ext/1472/i2c.o
LOAD build/BusPirate_v3/production/_ext/1472/hd44780.o
LOAD build/BusPirate_v3/production/_ext/1472/spi.o
LOAD build/BusPirate_v3/production/_ext/1472/uart.o
LOAD build/BusPirate_v3/production/_ext/1472/openocd.o
LOAD build/BusPirate_v3/production/_ext/1472/openocd_asm.o
LOAD build/BusPirate_v3/production/_ext/1472/messages_v3.o
LOAD build/BusPirate_v3/production/_ext/1472/messages.o
LOAD build/BusPirate_v3/production/_ext/1472/binary_io.o
LOAD build/BusPirate_v3/production/_ext/1472/proc_menu.o
LOAD build/BusPirate_v3/production/_ext/1472/core.o
LOAD build/BusPirate_v3/production/_ext/1472/uart2.o
LOAD build/BusPirate_v3/production/_ext/1472/aux_pin.o
                    0x0001                  __MPLAB_BUILD = 0x1
LOAD pPIC24Fxxx
LOAD c:/program files/microchip/xc16/v2.10/bin/bin/../../lib\libfx-elf.a
                    0xabfc                  __CONFIG2 = 0xabfc
                    0xabfe                  __CONFIG1 = 0xabfe
                    0x0001                  __NO_HANDLES = 0x1
                    0x0200                  __CODE_BASE = 0x200
                    0xa5fe                  __CODE_LENGTH = 0xa5fe
                    0x0004                  __IVT_BASE = 0x4
                    0x0104                  __AIVT_BASE = 0x104
                    0x0800                  __DATA_BASE = 0x800
                    0x1ffa                  __DATA_LENGTH = 0x1ffa

.reset            0x000000          0x4
                  0x000000          0x2 SHORT 0x200 ABSOLUTE (__reset)
                  0x000001          0x2 SHORT 0x4
                  0x000002          0x2 SHORT 0x0 ((ABSOLUTE (__reset) >> 0x10) & 0x7f)
                  0x000003          0x2 SHORT 0x0

.text             0x000200        0xd32
 *(.init)
 .init            0x000200         0x4c c:/program files/microchip/xc16/v2.10/bin/bin/../../lib\libc99-pic30-elf.a(crt0_standard.o)
                  0x000200                  __resetPRI
                  0x000200                  __reset
                  0x00023c                  __psv_init
 .init            0x00024c         0x7c c:/program files/microchip/xc16/v2.10/bin/bin/../../lib\libc99-pic30-elf.a(data_init_standard.o)
                  0x000252                  __data_init_standard
                  0x000252                  __data_init
 *(.user_init)
 *(.handle)
 *(.isr*)
 .isr.text        0x00042c         0x42 build/BusPirate_v3/production/_ext/1472/base.o
                  0x00042c                  __U1RXInterrupt
                  0x00044e                  __U1TXInterrupt
 .isr             0x00046e          0x4 default_isr
                  0x00046e                  __DefaultInterrupt
 *(.libc)
 *(.libm)
 *(.libdsp)
 *(.lib*)
 .libpic30_crt_start_mode
                  0x000472          0x2 c:/program files/microchip/xc16/v2.10/bin/bin/../../lib\libc99-pic30-elf.a(crt_start_mode_normal.Meo)
                  0x000472                  __crt_start_mode
                  0x000472                  __crt_start_mode_normal
 .libm.eqsf2      0x000474          0x4 c:/program files/microchip/xc16/v2.10/bin/bin/../../lib\libc99-pic30-elf.a(feqltle.XX_o)
                  0x000474                  ___eqsf2
                  0x000474                  ___ltsf2
                  0x000474                  ___lesf2
 .libm.gtsf2      0x000478          0x4 c:/program files/microchip/xc16/v2.10/bin/bin/../../lib\libc99-pic30-elf.a(fgtge.XX_o)
                  0x000478                  ___gesf2
                  0x000478                  ___gtsf2
 .libm.fixunssfdi
                  0x00047c         0x42 c:/program files/microchip/xc16/v2.10/bin/bin/../../lib\libc99-pic30-elf.a(fixunssfdi.XX_o)
                  0x00047c                  ___fixunssfdi
 .libm.fixunssfsi
                  0x0004be         0x36 c:/program files/microchip/xc16/v2.10/bin/bin/../../lib\libc99-pic30-elf.a(fixunssfsi.XX_o)
                  0x0004be                  ___fixunssfsi
 .libm.floatsisf
                  0x0004f4          0x6 c:/program files/microchip/xc16/v2.10/bin/bin/../../lib\libc99-pic30-elf.a(floatsisf.XX_o)
                  0x0004f4                  ___floatsisf
 .libm.floatundisf
                  0x0004fa         0x5e c:/program files/microchip/xc16/v2.10/bin/bin/../../lib\libc99-pic30-elf.a(floatundisf.XX_o)
                  0x0004fa                  ___floatundisf
 .libm.floatunsisf
                  0x000558          0x4 c:/program files/microchip/xc16/v2.10/bin/bin/../../lib\libc99-pic30-elf.a(floatunsisf.XX_o)
                  0x000558                  ___floatunsisf
 .libm.fpack      0x00055c         0x4c c:/program files/microchip/xc16/v2.10/bin/bin/../../lib\libc99-pic30-elf.a(fpack.XX_o)
                  0x00055c                  __fpack
 .libm.funpack    0x0005a8         0x2a c:/program files/microchip/xc16/v2.10/bin/bin/../../lib\libc99-pic30-elf.a(funpack.XX_o)
                  0x0005a8                  __funpack
 .libm.udivsi3    0x0005d2         0x20 c:/program files/microchip/xc16/v2.10/bin/bin/../../lib\libc99-pic30-elf.a(udivsi3.XX_o)
                  0x0005d2                  ___udivsi3
 .libm.umodsi3    0x0005f2          0x6 c:/program files/microchip/xc16/v2.10/bin/bin/../../lib\libc99-pic30-elf.a(umodsi3.XX_o)
                  0x0005f2                  ___umodsi3
 .libmx           0x0005f8        0x1dc c:/program files/microchip/xc16/v2.10/bin/bin/../../lib\libc99-pic30-elf.a(addsf3x.XX_o)
                  0x0005f8                  ___subsf3x
                  0x0005f8                  ___subsf3
                  0x00060a                  ___addsf3x
                  0x00060a                  ___addsf3
 .libmx           0x0007d4        0x1be c:/program files/microchip/xc16/v2.10/bin/bin/../../lib\libc99-pic30-elf.a(divsf3x.XX_o)
                  0x0007d4                  ___divsf3x
                  0x0007d4                  ___divsf3
                  0x000966                  __sdivf
 .libmx           0x000992        0x10c c:/program files/microchip/xc16/v2.10/bin/bin/../../lib\libc99-pic30-elf.a(mulsf3x.XX_o)
                  0x000992                  ___mulsf3x
                  0x000992                  ___mulsf3
 .libmx           0x000a9e         0x54 c:/program files/microchip/xc16/v2.10/bin/bin/../../lib\libc99-pic30-elf.a(dnrmpackfx.XX_o)
                  0x000a9e                  __dnrmpackf
 .libmx           0x000af2         0x5e c:/program files/microchip/xc16/v2.10/bin/bin/../../lib\libc99-pic30-elf.a(unpackdnrmfx.XX_o)
                  0x000af2                  __unpackdnrmf
 .libmx           0x000b50         0x34 c:/program files/microchip/xc16/v2.10/bin/bin/../../lib\libc99-pic30-elf.a(typefx.XX_o)
                  0x000b50                  __typef
 .libmx           0x000b84         0x12 c:/program files/microchip/xc16/v2.10/bin/bin/../../lib\libc99-pic30-elf.a(propnanfx.XX_o)
                  0x000b84                  __propnanf
 .libmx           0x000b96         0xa6 c:/program files/microchip/xc16/v2.10/bin/bin/../../lib\libc99-pic30-elf.a(spackfx.XX_o)
                  0x000b96                  __spackf
 .libmx           0x000c3c         0x66 c:/program files/microchip/xc16/v2.10/bin/bin/../../lib\libc99-pic30-elf.a(unpackfx.XX_o)
                  0x000c3c                  __unpackf
 .libm.__PplusBdi
                  0x000ca2         0x26 c:/program files/microchip/xc16/v2.10/bin/bin/../../lib\libc99-pic30-elf.a(divmoddi3.XX_o)
 .libm.__PminusBdi
                  0x000cc8         0x26 c:/program files/microchip/xc16/v2.10/bin/bin/../../lib\libc99-pic30-elf.a(divmoddi3.XX_o)
 .libm.__udivmoddi3
                  0x000cee         0xe6 c:/program files/microchip/xc16/v2.10/bin/bin/../../lib\libc99-pic30-elf.a(divmoddi3.XX_o)
                  0x000cee                  ___udivmoddi3
 .libm.__udivdi3
                  0x000dd4          0xe c:/program files/microchip/xc16/v2.10/bin/bin/../../lib\libc99-pic30-elf.a(divmoddi3.XX_o)
                  0x000dd4                  ___udivdi3
 .libm.__umoddi3
                  0x000de2          0x8 c:/program files/microchip/xc16/v2.10/bin/bin/../../lib\libc99-pic30-elf.a(divmoddi3.XX_o)
                  0x000de2                  ___umoddi3
 .libm.fcompare
                  0x000dea         0x36 c:/program files/microchip/xc16/v2.10/bin/bin/../../lib\libc99-pic30-elf.a(fcompare.XX_o)
                  0x000dea                  __fcompare
 .libm.floatdisf
                  0x000e20         0x20 c:/program files/microchip/xc16/v2.10/bin/bin/../../lib\libc99-pic30-elf.a(floatdisf.XX_o)
                  0x000e20                  ___floatdisf
 .libm.funpack2
                  0x000e40         0x10 c:/program files/microchip/xc16/v2.10/bin/bin/../../lib\libc99-pic30-elf.a(funpack2.XX_o)
                  0x000e40                  __funpack2
 .libc.memcpy     0x000e50          0xe c:/program files/microchip/xc16/v2.10/bin/bin/../../lib\libc99-elf.a(memcpy.XX_o)
                  0x000e50                  _memcpy
 .libc.memset     0x000e5e         0xc8 c:/program files/microchip/xc16/v2.10/bin/bin/../../lib\libc99-elf.a(memset.XX_o)
                  0x000e5e                  _memset
 .libm.mulsi3     0x000f26          0xc c:/program files/microchip/xc16/v2.10/bin/bin/../../lib\libc99-pic30-elf.a(mulsi3.XX_o)
                  0x000f26                  ___mulp32peds3
                  0x000f26                  ___mulsi3
                  0x000f26                  ___mulp32eds3

usercode
 *(usercode)

__CONFIG2
 *(__CONFIG2.sec*)

__CONFIG1
 *(__CONFIG1.sec*)

.comment
 *(.comment)

.debug_info       0x000000      0x1d1ca
 *(.debug_info)
 .debug_info      0x000000       0x12de build/BusPirate_v3/production/_ext/1472/1wire.o
 .debug_info      0x0012de       0x232f build/BusPirate_v3/production/_ext/1472/base.o
 .debug_info      0x00360d       0x17b8 build/BusPirate_v3/production/_ext/1472/basic.o
 .debug_info      0x004dc5       0x100a build/BusPirate_v3/production/_ext/1472/bitbang.o
 .debug_info      0x005dcf        0x8de build/BusPirate_v3/production/_ext/1472/dio.o
 .debug_info      0x0066ad        0xbdf build/BusPirate_v3/production/_ext/1472/jtag.o
 .debug_info      0x00728c       0x138c build/BusPirate_v3/production/_ext/1472/main.o
 .debug_info      0x008618       0x10b3 build/BusPirate_v3/production/_ext/1472/pic.o
 .debug_info      0x0096cb        0xd19 build/BusPirate_v3/production/_ext/1472/raw2wire.o
 .debug_info      0x00a3e4        0xbad build/BusPirate_v3/production/_ext/1472/raw3wire.o
 .debug_info      0x00af91        0xe10 build/BusPirate_v3/production/_ext/1472/selftest.o
 .debug_info      0x00bda1       0x14fd build/BusPirate_v3/production/_ext/1472/sump.o
 .debug_info      0x00d29e       0x14bc build/BusPirate_v3/production/_ext/1472/i2c.o
 .debug_info      0x00e75a       0x2817 build/BusPirate_v3/production/_ext/1472/spi.o
 .debug_info      0x010f71       0x173f build/BusPirate_v3/production/_ext/1472/uart.o
 .debug_info      0x0126b0       0x1147 build/BusPirate_v3/production/_ext/1472/openocd.o
 .debug_info      0x0137f7         0x9f build/BusPirate_v3/production/_ext/1472/openocd_asm.o
 .debug_info      0x013896        0x9a8 build/BusPirate_v3/production/_ext/1472/messages.o
 .debug_info      0x01423e       0x279a build/BusPirate_v3/production/_ext/1472/binary_io.o
 .debug_info      0x0169d8       0x1a62 build/BusPirate_v3/production/_ext/1472/proc_menu.o
 .debug_info      0x01843a        0xefe build/BusPirate_v3/production/_ext/1472/core.o
 .debug_info      0x019338       0x13b3 build/BusPirate_v3/production/_ext/1472/uart2.o
 .debug_info      0x01a6eb       0x1cfe build/BusPirate_v3/production/_ext/1472/aux_pin.o
 .debug_info      0x01c3e9         0x8d c:/program files/microchip/xc16/v2.10/bin/bin/../../lib\libc99-pic30-elf.a(feqltle.XX_o)
 .debug_info      0x01c476         0x8b c:/program files/microchip/xc16/v2.10/bin/bin/../../lib\libc99-pic30-elf.a(fgtge.XX_o)
 .debug_info      0x01c501         0x90 c:/program files/microchip/xc16/v2.10/bin/bin/../../lib\libc99-pic30-elf.a(fixunssfdi.XX_o)
 .debug_info      0x01c591         0x90 c:/program files/microchip/xc16/v2.10/bin/bin/../../lib\libc99-pic30-elf.a(fixunssfsi.XX_o)
 .debug_info      0x01c621         0x8f c:/program files/microchip/xc16/v2.10/bin/bin/../../lib\libc99-pic30-elf.a(floatsisf.XX_o)
 .debug_info      0x01c6b0         0x91 c:/program files/microchip/xc16/v2.10/bin/bin/../../lib\libc99-pic30-elf.a(floatundisf.XX_o)
 .debug_info      0x01c741         0x91 c:/program files/microchip/xc16/v2.10/bin/bin/../../lib\libc99-pic30-elf.a(floatunsisf.XX_o)
 .debug_info      0x01c7d2         0x8b c:/program files/microchip/xc16/v2.10/bin/bin/../../lib\libc99-pic30-elf.a(fpack.XX_o)
 .debug_info      0x01c85d         0x8d c:/program files/microchip/xc16/v2.10/bin/bin/../../lib\libc99-pic30-elf.a(funpack.XX_o)
 .debug_info      0x01c8ea         0x8d c:/program files/microchip/xc16/v2.10/bin/bin/../../lib\libc99-pic30-elf.a(udivsi3.XX_o)
 .debug_info      0x01c977         0x8d c:/program files/microchip/xc16/v2.10/bin/bin/../../lib\libc99-pic30-elf.a(umodsi3.XX_o)
 .debug_info      0x01ca04         0x9d c:/program files/microchip/xc16/v2.10/bin/bin/../../lib\libc99-pic30-elf.a(addsf3x.XX_o)
 .debug_info      0x01caa1         0x9d c:/program files/microchip/xc16/v2.10/bin/bin/../../lib\libc99-pic30-elf.a(divsf3x.XX_o)
 .debug_info      0x01cb3e         0x9d c:/program files/microchip/xc16/v2.10/bin/bin/../../lib\libc99-pic30-elf.a(mulsf3x.XX_o)
 .debug_info      0x01cbdb         0xa0 c:/program files/microchip/xc16/v2.10/bin/bin/../../lib\libc99-pic30-elf.a(dnrmpackfx.XX_o)
 .debug_info      0x01cc7b         0xa2 c:/program files/microchip/xc16/v2.10/bin/bin/../../lib\libc99-pic30-elf.a(unpackdnrmfx.XX_o)
 .debug_info      0x01cd1d         0x9c c:/program files/microchip/xc16/v2.10/bin/bin/../../lib\libc99-pic30-elf.a(typefx.XX_o)
 .debug_info      0x01cdb9         0x9f c:/program files/microchip/xc16/v2.10/bin/bin/../../lib\libc99-pic30-elf.a(propnanfx.XX_o)
 .debug_info      0x01ce58         0x9d c:/program files/microchip/xc16/v2.10/bin/bin/../../lib\libc99-pic30-elf.a(spackfx.XX_o)
 .debug_info      0x01cef5         0x9e c:/program files/microchip/xc16/v2.10/bin/bin/../../lib\libc99-pic30-elf.a(unpackfx.XX_o)
 .debug_info      0x01cf93         0x8e c:/program files/microchip/xc16/v2.10/bin/bin/../../lib\libc99-pic30-elf.a(fcompare.XX_o)
 .debug_info      0x01d021         0x8f c:/program files/microchip/xc16/v2.10/bin/bin/../../lib\libc99-pic30-elf.a(floatdisf.XX_o)
 .debug_info      0x01d0b0         0x8e c:/program files/microchip/xc16/v2.10/bin/bin/../../lib\libc99-pic30-elf.a(funpack2.XX_o)
 .debug_info      0x01d13e         0x8c c:/program files/microchip/xc16/v2.10/bin/bin/../../lib\libc99-pic30-elf.a(mulsi3.XX_o)
 *(.gnu.linkonce.wi.*)

.debug_abbrev     0x000000       0x2eb5
 *(.debug_abbrev)
 .debug_abbrev    0x000000        0x250 build/BusPirate_v3/production/_ext/1472/1wire.o
 .debug_abbrev    0x000250        0x307 build/BusPirate_v3/production/_ext/1472/base.o
 .debug_abbrev    0x000557        0x299 build/BusPirate_v3/production/_ext/1472/basic.o
 .debug_abbrev    0x0007f0        0x210 build/BusPirate_v3/production/_ext/1472/bitbang.o
 .debug_abbrev    0x000a00         0xef build/BusPirate_v3/production/_ext/1472/dio.o
 .debug_abbrev    0x000aef        0x1bc build/BusPirate_v3/production/_ext/1472/jtag.o
 .debug_abbrev    0x000cab          0x1 build/BusPirate_v3/production/_ext/760884769/lenval.o
 .debug_abbrev    0x000cac          0x1 build/BusPirate_v3/production/_ext/760884769/micro.o
 .debug_abbrev    0x000cad          0x1 build/BusPirate_v3/production/_ext/760884769/ports.o
 .debug_abbrev    0x000cae        0x1bf build/BusPirate_v3/production/_ext/1472/main.o
 .debug_abbrev    0x000e6d          0x1 build/BusPirate_v3/production/_ext/1472/pc_at_keyboard.o
 .debug_abbrev    0x000e6e        0x293 build/BusPirate_v3/production/_ext/1472/pic.o
 .debug_abbrev    0x001101        0x1c8 build/BusPirate_v3/production/_ext/1472/raw2wire.o
 .debug_abbrev    0x0012c9        0x1a8 build/BusPirate_v3/production/_ext/1472/raw3wire.o
 .debug_abbrev    0x001471        0x191 build/BusPirate_v3/production/_ext/1472/selftest.o
 .debug_abbrev    0x001602          0x1 build/BusPirate_v3/production/_ext/1472/smps.o
 .debug_abbrev    0x001603        0x1c8 build/BusPirate_v3/production/_ext/1472/sump.o
 .debug_abbrev    0x0017cb        0x219 build/BusPirate_v3/production/_ext/1472/i2c.o
 .debug_abbrev    0x0019e4          0x1 build/BusPirate_v3/production/_ext/1472/hd44780.o
 .debug_abbrev    0x0019e5        0x267 build/BusPirate_v3/production/_ext/1472/spi.o
 .debug_abbrev    0x001c4c        0x240 build/BusPirate_v3/production/_ext/1472/uart.o
 .debug_abbrev    0x001e8c        0x1d3 build/BusPirate_v3/production/_ext/1472/openocd.o
 .debug_abbrev    0x00205f         0x14 build/BusPirate_v3/production/_ext/1472/openocd_asm.o
 .debug_abbrev    0x002073        0x113 build/BusPirate_v3/production/_ext/1472/messages.o
 .debug_abbrev    0x002186        0x2df build/BusPirate_v3/production/_ext/1472/binary_io.o
 .debug_abbrev    0x002465        0x2ca build/BusPirate_v3/production/_ext/1472/proc_menu.o
 .debug_abbrev    0x00272f        0x1e0 build/BusPirate_v3/production/_ext/1472/core.o
 .debug_abbrev    0x00290f        0x12d build/BusPirate_v3/production/_ext/1472/uart2.o
 .debug_abbrev    0x002a3c        0x299 build/BusPirate_v3/production/_ext/1472/aux_pin.o
 .debug_abbrev    0x002cd5         0x14 c:/program files/microchip/xc16/v2.10/bin/bin/../../lib\libc99-pic30-elf.a(feqltle.XX_o)
 .debug_abbrev    0x002ce9         0x14 c:/program files/microchip/xc16/v2.10/bin/bin/../../lib\libc99-pic30-elf.a(fgtge.XX_o)
 .debug_abbrev    0x002cfd         0x14 c:/program files/microchip/xc16/v2.10/bin/bin/../../lib\libc99-pic30-elf.a(fixunssfdi.XX_o)
 .debug_abbrev    0x002d11         0x14 c:/program files/microchip/xc16/v2.10/bin/bin/../../lib\libc99-pic30-elf.a(fixunssfsi.XX_o)
 .debug_abbrev    0x002d25         0x14 c:/program files/microchip/xc16/v2.10/bin/bin/../../lib\libc99-pic30-elf.a(floatsisf.XX_o)
 .debug_abbrev    0x002d39         0x14 c:/program files/microchip/xc16/v2.10/bin/bin/../../lib\libc99-pic30-elf.a(floatundisf.XX_o)
 .debug_abbrev    0x002d4d         0x14 c:/program files/microchip/xc16/v2.10/bin/bin/../../lib\libc99-pic30-elf.a(floatunsisf.XX_o)
 .debug_abbrev    0x002d61         0x14 c:/program files/microchip/xc16/v2.10/bin/bin/../../lib\libc99-pic30-elf.a(fpack.XX_o)
 .debug_abbrev    0x002d75         0x14 c:/program files/microchip/xc16/v2.10/bin/bin/../../lib\libc99-pic30-elf.a(funpack.XX_o)
 .debug_abbrev    0x002d89         0x14 c:/program files/microchip/xc16/v2.10/bin/bin/../../lib\libc99-pic30-elf.a(udivsi3.XX_o)
 .debug_abbrev    0x002d9d         0x14 c:/program files/microchip/xc16/v2.10/bin/bin/../../lib\libc99-pic30-elf.a(umodsi3.XX_o)
 .debug_abbrev    0x002db1         0x14 c:/program files/microchip/xc16/v2.10/bin/bin/../../lib\libc99-pic30-elf.a(addsf3x.XX_o)
 .debug_abbrev    0x002dc5         0x14 c:/program files/microchip/xc16/v2.10/bin/bin/../../lib\libc99-pic30-elf.a(divsf3x.XX_o)
 .debug_abbrev    0x002dd9         0x14 c:/program files/microchip/xc16/v2.10/bin/bin/../../lib\libc99-pic30-elf.a(mulsf3x.XX_o)
 .debug_abbrev    0x002ded         0x14 c:/program files/microchip/xc16/v2.10/bin/bin/../../lib\libc99-pic30-elf.a(dnrmpackfx.XX_o)
 .debug_abbrev    0x002e01         0x14 c:/program files/microchip/xc16/v2.10/bin/bin/../../lib\libc99-pic30-elf.a(unpackdnrmfx.XX_o)
 .debug_abbrev    0x002e15         0x14 c:/program files/microchip/xc16/v2.10/bin/bin/../../lib\libc99-pic30-elf.a(typefx.XX_o)
 .debug_abbrev    0x002e29         0x14 c:/program files/microchip/xc16/v2.10/bin/bin/../../lib\libc99-pic30-elf.a(propnanfx.XX_o)
 .debug_abbrev    0x002e3d         0x14 c:/program files/microchip/xc16/v2.10/bin/bin/../../lib\libc99-pic30-elf.a(spackfx.XX_o)
 .debug_abbrev    0x002e51         0x14 c:/program files/microchip/xc16/v2.10/bin/bin/../../lib\libc99-pic30-elf.a(unpackfx.XX_o)
 .debug_abbrev    0x002e65         0x14 c:/program files/microchip/xc16/v2.10/bin/bin/../../lib\libc99-pic30-elf.a(fcompare.XX_o)
 .debug_abbrev    0x002e79         0x14 c:/program files/microchip/xc16/v2.10/bin/bin/../../lib\libc99-pic30-elf.a(floatdisf.XX_o)
 .debug_abbrev    0x002e8d         0x14 c:/program files/microchip/xc16/v2.10/bin/bin/../../lib\libc99-pic30-elf.a(funpack2.XX_o)
 .debug_abbrev    0x002ea1         0x14 c:/program files/microchip/xc16/v2.10/bin/bin/../../lib\libc99-pic30-elf.a(mulsi3.XX_o)

.debug_line       0x000000       0x407e
 *(.debug_line)
 .debug_line      0x000000        0x2ad build/BusPirate_v3/production/_ext/1472/1wire.o
 .debug_line      0x0002ad        0x328 build/BusPirate_v3/production/_ext/1472/base.o
 .debug_line      0x0005d5        0x4e6 build/BusPirate_v3/production/_ext/1472/basic.o
 .debug_line      0x000abb        0x1b5 build/BusPirate_v3/production/_ext/1472/bitbang.o
 .debug_line      0x000c70        0x109 build/BusPirate_v3/production/_ext/1472/dio.o
 .debug_line      0x000d79        0x1bc build/BusPirate_v3/production/_ext/1472/jtag.o
 .debug_line      0x000f35         0x1a build/BusPirate_v3/production/_ext/760884769/lenval.o
 .debug_line      0x000f4f         0x1a build/BusPirate_v3/production/_ext/760884769/micro.o
 .debug_line      0x000f69         0x1a build/BusPirate_v3/production/_ext/760884769/ports.o
 .debug_line      0x000f83        0x15c build/BusPirate_v3/production/_ext/1472/main.o
 .debug_line      0x0010df         0x1a build/BusPirate_v3/production/_ext/1472/pc_at_keyboard.o
 .debug_line      0x0010f9        0x256 build/BusPirate_v3/production/_ext/1472/pic.o
 .debug_line      0x00134f        0x191 build/BusPirate_v3/production/_ext/1472/raw2wire.o
 .debug_line      0x0014e0        0x158 build/BusPirate_v3/production/_ext/1472/raw3wire.o
 .debug_line      0x001638        0x20b build/BusPirate_v3/production/_ext/1472/selftest.o
 .debug_line      0x001843         0x1a build/BusPirate_v3/production/_ext/1472/smps.o
 .debug_line      0x00185d        0x192 build/BusPirate_v3/production/_ext/1472/sump.o
 .debug_line      0x0019ef        0x2e2 build/BusPirate_v3/production/_ext/1472/i2c.o
 .debug_line      0x001cd1         0x1a build/BusPirate_v3/production/_ext/1472/hd44780.o
 .debug_line      0x001ceb        0x30c build/BusPirate_v3/production/_ext/1472/spi.o
 .debug_line      0x001ff7        0x2be build/BusPirate_v3/production/_ext/1472/uart.o
 .debug_line      0x0022b5        0x1dd build/BusPirate_v3/production/_ext/1472/openocd.o
 .debug_line      0x002492         0x80 build/BusPirate_v3/production/_ext/1472/openocd_asm.o
 .debug_line      0x002512         0x1a build/BusPirate_v3/production/_ext/1472/messages_v3.o
 .debug_line      0x00252c        0x141 build/BusPirate_v3/production/_ext/1472/messages.o
 .debug_line      0x00266d        0x40a build/BusPirate_v3/production/_ext/1472/binary_io.o
 .debug_line      0x002a77        0x67c build/BusPirate_v3/production/_ext/1472/proc_menu.o
 .debug_line      0x0030f3        0x16b build/BusPirate_v3/production/_ext/1472/core.o
 .debug_line      0x00325e        0x126 build/BusPirate_v3/production/_ext/1472/uart2.o
 .debug_line      0x003384        0x2e2 build/BusPirate_v3/production/_ext/1472/aux_pin.o
 .debug_line      0x003666         0x37 c:/program files/microchip/xc16/v2.10/bin/bin/../../lib\libc99-pic30-elf.a(feqltle.XX_o)
 .debug_line      0x00369d         0x35 c:/program files/microchip/xc16/v2.10/bin/bin/../../lib\libc99-pic30-elf.a(fgtge.XX_o)
 .debug_line      0x0036d2         0x59 c:/program files/microchip/xc16/v2.10/bin/bin/../../lib\libc99-pic30-elf.a(fixunssfdi.XX_o)
 .debug_line      0x00372b         0x53 c:/program files/microchip/xc16/v2.10/bin/bin/../../lib\libc99-pic30-elf.a(fixunssfsi.XX_o)
 .debug_line      0x00377e         0x3a c:/program files/microchip/xc16/v2.10/bin/bin/../../lib\libc99-pic30-elf.a(floatsisf.XX_o)
 .debug_line      0x0037b8         0x6c c:/program files/microchip/xc16/v2.10/bin/bin/../../lib\libc99-pic30-elf.a(floatundisf.XX_o)
 .debug_line      0x003824         0x3b c:/program files/microchip/xc16/v2.10/bin/bin/../../lib\libc99-pic30-elf.a(floatunsisf.XX_o)
 .debug_line      0x00385f         0x5a c:/program files/microchip/xc16/v2.10/bin/bin/../../lib\libc99-pic30-elf.a(fpack.XX_o)
 .debug_line      0x0038b9         0x4a c:/program files/microchip/xc16/v2.10/bin/bin/../../lib\libc99-pic30-elf.a(funpack.XX_o)
 .debug_line      0x003903         0x45 c:/program files/microchip/xc16/v2.10/bin/bin/../../lib\libc99-pic30-elf.a(udivsi3.XX_o)
 .debug_line      0x003948         0x38 c:/program files/microchip/xc16/v2.10/bin/bin/../../lib\libc99-pic30-elf.a(umodsi3.XX_o)
 .debug_line      0x003980        0x136 c:/program files/microchip/xc16/v2.10/bin/bin/../../lib\libc99-pic30-elf.a(addsf3x.XX_o)
 .debug_line      0x003ab6        0x124 c:/program files/microchip/xc16/v2.10/bin/bin/../../lib\libc99-pic30-elf.a(divsf3x.XX_o)
 .debug_line      0x003bda         0xcc c:/program files/microchip/xc16/v2.10/bin/bin/../../lib\libc99-pic30-elf.a(mulsf3x.XX_o)
 .debug_line      0x003ca6         0x72 c:/program files/microchip/xc16/v2.10/bin/bin/../../lib\libc99-pic30-elf.a(dnrmpackfx.XX_o)
 .debug_line      0x003d18         0x7a c:/program files/microchip/xc16/v2.10/bin/bin/../../lib\libc99-pic30-elf.a(unpackdnrmfx.XX_o)
 .debug_line      0x003d92         0x5e c:/program files/microchip/xc16/v2.10/bin/bin/../../lib\libc99-pic30-elf.a(typefx.XX_o)
 .debug_line      0x003df0         0x51 c:/program files/microchip/xc16/v2.10/bin/bin/../../lib\libc99-pic30-elf.a(propnanfx.XX_o)
 .debug_line      0x003e41         0x98 c:/program files/microchip/xc16/v2.10/bin/bin/../../lib\libc99-pic30-elf.a(spackfx.XX_o)
 .debug_line      0x003ed9         0x79 c:/program files/microchip/xc16/v2.10/bin/bin/../../lib\libc99-pic30-elf.a(unpackfx.XX_o)
 .debug_line      0x003f52         0x1a c:/program files/microchip/xc16/v2.10/bin/bin/../../lib\libc99-pic30-elf.a(errno.XX_o)
 .debug_line      0x003f6c         0x53 c:/program files/microchip/xc16/v2.10/bin/bin/../../lib\libc99-pic30-elf.a(fcompare.XX_o)
 .debug_line      0x003fbf         0x47 c:/program files/microchip/xc16/v2.10/bin/bin/../../lib\libc99-pic30-elf.a(floatdisf.XX_o)
 .debug_line      0x004006         0x3e c:/program files/microchip/xc16/v2.10/bin/bin/../../lib\libc99-pic30-elf.a(funpack2.XX_o)
 .debug_line      0x004044         0x3a c:/program files/microchip/xc16/v2.10/bin/bin/../../lib\libc99-pic30-elf.a(mulsi3.XX_o)

.debug_frame      0x000000       0x1cce
 *(.debug_frame)
 .debug_frame     0x000000        0x212 build/BusPirate_v3/production/_ext/1472/1wire.o
 .debug_frame     0x000212        0x3e2 build/BusPirate_v3/production/_ext/1472/base.o
 .debug_frame     0x0005f4        0x150 build/BusPirate_v3/production/_ext/1472/basic.o
 .debug_frame     0x000744        0x194 build/BusPirate_v3/production/_ext/1472/bitbang.o
 .debug_frame     0x0008d8         0x34 build/BusPirate_v3/production/_ext/1472/dio.o
 .debug_frame     0x00090c        0x13e build/BusPirate_v3/production/_ext/1472/jtag.o
 .debug_frame     0x000a4a         0x46 build/BusPirate_v3/production/_ext/1472/main.o
 .debug_frame     0x000a90        0x156 build/BusPirate_v3/production/_ext/1472/pic.o
 .debug_frame     0x000be6         0xe4 build/BusPirate_v3/production/_ext/1472/raw2wire.o
 .debug_frame     0x000cca         0xc8 build/BusPirate_v3/production/_ext/1472/raw3wire.o
 .debug_frame     0x000d92         0x82 build/BusPirate_v3/production/_ext/1472/selftest.o
 .debug_frame     0x000e14         0x5e build/BusPirate_v3/production/_ext/1472/sump.o
 .debug_frame     0x000e72        0x186 build/BusPirate_v3/production/_ext/1472/i2c.o
 .debug_frame     0x000ff8        0x25e build/BusPirate_v3/production/_ext/1472/spi.o
 .debug_frame     0x001256        0x1a4 build/BusPirate_v3/production/_ext/1472/uart.o
 .debug_frame     0x0013fa         0x68 build/BusPirate_v3/production/_ext/1472/openocd.o
 .debug_frame     0x001462         0x82 build/BusPirate_v3/production/_ext/1472/messages.o
 .debug_frame     0x0014e4        0x1a2 build/BusPirate_v3/production/_ext/1472/binary_io.o
 .debug_frame     0x001686        0x366 build/BusPirate_v3/production/_ext/1472/proc_menu.o
 .debug_frame     0x0019ec        0x114 build/BusPirate_v3/production/_ext/1472/core.o
 .debug_frame     0x001b00         0x74 build/BusPirate_v3/production/_ext/1472/uart2.o
 .debug_frame     0x001b74        0x15a build/BusPirate_v3/production/_ext/1472/aux_pin.o

.debug_str        0x000000        0xce0
 *(.debug_str)
 .debug_str       0x000000         0x59 build/BusPirate_v3/production/_ext/1472/1wire.o
 .debug_str       0x000059        0x137 build/BusPirate_v3/production/_ext/1472/base.o
 .debug_str       0x000190         0x9e build/BusPirate_v3/production/_ext/1472/basic.o
 .debug_str       0x00022e         0x6d build/BusPirate_v3/production/_ext/1472/bitbang.o
 .debug_str       0x00029b         0x40 build/BusPirate_v3/production/_ext/1472/dio.o
 .debug_str       0x0002db         0x4a build/BusPirate_v3/production/_ext/1472/jtag.o
 .debug_str       0x000325         0x98 build/BusPirate_v3/production/_ext/1472/main.o
 .debug_str       0x0003bd         0x6c build/BusPirate_v3/production/_ext/1472/pic.o
 .debug_str       0x000429         0x53 build/BusPirate_v3/production/_ext/1472/raw2wire.o
 .debug_str       0x00047c         0x63 build/BusPirate_v3/production/_ext/1472/raw3wire.o
 .debug_str       0x0004df         0x59 build/BusPirate_v3/production/_ext/1472/selftest.o
 .debug_str       0x000538         0x7e build/BusPirate_v3/production/_ext/1472/sump.o
 .debug_str       0x0005b6         0x89 build/BusPirate_v3/production/_ext/1472/i2c.o
 .debug_str       0x00063f        0x17a build/BusPirate_v3/production/_ext/1472/spi.o
 .debug_str       0x0007b9         0xc3 build/BusPirate_v3/production/_ext/1472/uart.o
 .debug_str       0x00087c         0xb9 build/BusPirate_v3/production/_ext/1472/openocd.o
 .debug_str       0x000935         0x40 build/BusPirate_v3/production/_ext/1472/messages.o
 .debug_str       0x000975         0xd3 build/BusPirate_v3/production/_ext/1472/binary_io.o
 .debug_str       0x000a48         0xb3 build/BusPirate_v3/production/_ext/1472/proc_menu.o
 .debug_str       0x000afb         0x53 build/BusPirate_v3/production/_ext/1472/core.o
 .debug_str       0x000b4e         0x7d build/BusPirate_v3/production/_ext/1472/uart2.o
 .debug_str       0x000bcb        0x115 build/BusPirate_v3/production/_ext/1472/aux_pin.o

.debug_loc
 *(.debug_loc)

.debug_macinfo
 *(.debug_macinfo)

.debug_pubnames
                  0x000000       0x1239
 *(.debug_pubnames)
 .debug_pubnames
                  0x000000        0x136 build/BusPirate_v3/production/_ext/1472/1wire.o
 .debug_pubnames
                  0x000136        0x4db build/BusPirate_v3/production/_ext/1472/base.o
 .debug_pubnames
                  0x000611         0x55 build/BusPirate_v3/production/_ext/1472/basic.o
 .debug_pubnames
                  0x000666        0x194 build/BusPirate_v3/production/_ext/1472/bitbang.o
 .debug_pubnames
                  0x0007fa         0x2d build/BusPirate_v3/production/_ext/1472/dio.o
 .debug_pubnames
                  0x000827         0x1b build/BusPirate_v3/production/_ext/1472/jtag.o
 .debug_pubnames
                  0x000842         0x60 build/BusPirate_v3/production/_ext/1472/main.o
 .debug_pubnames
                  0x0008a2         0xcc build/BusPirate_v3/production/_ext/1472/pic.o
 .debug_pubnames
                  0x00096e         0xe3 build/BusPirate_v3/production/_ext/1472/raw2wire.o
 .debug_pubnames
                  0x000a51         0xe9 build/BusPirate_v3/production/_ext/1472/raw3wire.o
 .debug_pubnames
                  0x000b3a         0x69 build/BusPirate_v3/production/_ext/1472/selftest.o
 .debug_pubnames
                  0x000ba3         0x26 build/BusPirate_v3/production/_ext/1472/sump.o
 .debug_pubnames
                  0x000bc9         0xd9 build/BusPirate_v3/production/_ext/1472/i2c.o
 .debug_pubnames
                  0x000ca2        0x131 build/BusPirate_v3/production/_ext/1472/spi.o
 .debug_pubnames
                  0x000dd3         0xfd build/BusPirate_v3/production/_ext/1472/uart.o
 .debug_pubnames
                  0x000ed0         0x21 build/BusPirate_v3/production/_ext/1472/openocd.o
 .debug_pubnames
                  0x000ef1         0x61 build/BusPirate_v3/production/_ext/1472/messages.o
 .debug_pubnames
                  0x000f52         0x89 build/BusPirate_v3/production/_ext/1472/binary_io.o
 .debug_pubnames
                  0x000fdb         0xc6 build/BusPirate_v3/production/_ext/1472/proc_menu.o
 .debug_pubnames
                  0x0010a1         0x28 build/BusPirate_v3/production/_ext/1472/core.o
 .debug_pubnames
                  0x0010c9         0x72 build/BusPirate_v3/production/_ext/1472/uart2.o
 .debug_pubnames
                  0x00113b         0xfe build/BusPirate_v3/production/_ext/1472/aux_pin.o

.debug_ranges
 *(.debug_ranges)

.debug_aranges    0x000000        0x530
 *(.debug_aranges)
 .debug_aranges
                  0x000000         0x18 build/BusPirate_v3/production/_ext/1472/1wire.o
 .debug_aranges
                  0x000018         0x18 build/BusPirate_v3/production/_ext/1472/base.o
 .debug_aranges
                  0x000030         0x18 build/BusPirate_v3/production/_ext/1472/basic.o
 .debug_aranges
                  0x000048         0x18 build/BusPirate_v3/production/_ext/1472/bitbang.o
 .debug_aranges
                  0x000060         0x18 build/BusPirate_v3/production/_ext/1472/dio.o
 .debug_aranges
                  0x000078         0x18 build/BusPirate_v3/production/_ext/1472/jtag.o
 .debug_aranges
                  0x000090         0x18 build/BusPirate_v3/production/_ext/1472/main.o
 .debug_aranges
                  0x0000a8         0x18 build/BusPirate_v3/production/_ext/1472/pic.o
 .debug_aranges
                  0x0000c0         0x18 build/BusPirate_v3/production/_ext/1472/raw2wire.o
 .debug_aranges
                  0x0000d8         0x18 build/BusPirate_v3/production/_ext/1472/raw3wire.o
 .debug_aranges
                  0x0000f0         0x18 build/BusPirate_v3/production/_ext/1472/selftest.o
 .debug_aranges
                  0x000108         0x18 build/BusPirate_v3/production/_ext/1472/sump.o
 .debug_aranges
                  0x000120         0x18 build/BusPirate_v3/production/_ext/1472/i2c.o
 .debug_aranges
                  0x000138         0x18 build/BusPirate_v3/production/_ext/1472/spi.o
 .debug_aranges
                  0x000150         0x18 build/BusPirate_v3/production/_ext/1472/uart.o
 .debug_aranges
                  0x000168         0x18 build/BusPirate_v3/production/_ext/1472/openocd.o
 .debug_aranges
                  0x000180         0x20 build/BusPirate_v3/production/_ext/1472/openocd_asm.o
 .debug_aranges
                  0x0001a0         0x18 build/BusPirate_v3/production/_ext/1472/messages.o
 .debug_aranges
                  0x0001b8         0x18 build/BusPirate_v3/production/_ext/1472/binary_io.o
 .debug_aranges
                  0x0001d0         0x18 build/BusPirate_v3/production/_ext/1472/proc_menu.o
 .debug_aranges
                  0x0001e8         0x18 build/BusPirate_v3/production/_ext/1472/core.o
 .debug_aranges
                  0x000200         0x18 build/BusPirate_v3/production/_ext/1472/uart2.o
 .debug_aranges
                  0x000218         0x18 build/BusPirate_v3/production/_ext/1472/aux_pin.o
 .debug_aranges
                  0x000230         0x20 c:/program files/microchip/xc16/v2.10/bin/bin/../../lib\libc99-pic30-elf.a(feqltle.XX_o)
 .debug_aranges
                  0x000250         0x20 c:/program files/microchip/xc16/v2.10/bin/bin/../../lib\libc99-pic30-elf.a(fgtge.XX_o)
 .debug_aranges
                  0x000270         0x20 c:/program files/microchip/xc16/v2.10/bin/bin/../../lib\libc99-pic30-elf.a(fixunssfdi.XX_o)
 .debug_aranges
                  0x000290         0x20 c:/program files/microchip/xc16/v2.10/bin/bin/../../lib\libc99-pic30-elf.a(fixunssfsi.XX_o)
 .debug_aranges
                  0x0002b0         0x20 c:/program files/microchip/xc16/v2.10/bin/bin/../../lib\libc99-pic30-elf.a(floatsisf.XX_o)
 .debug_aranges
                  0x0002d0         0x20 c:/program files/microchip/xc16/v2.10/bin/bin/../../lib\libc99-pic30-elf.a(floatundisf.XX_o)
 .debug_aranges
                  0x0002f0         0x20 c:/program files/microchip/xc16/v2.10/bin/bin/../../lib\libc99-pic30-elf.a(floatunsisf.XX_o)
 .debug_aranges
                  0x000310         0x20 c:/program files/microchip/xc16/v2.10/bin/bin/../../lib\libc99-pic30-elf.a(fpack.XX_o)
 .debug_aranges
                  0x000330         0x20 c:/program files/microchip/xc16/v2.10/bin/bin/../../lib\libc99-pic30-elf.a(funpack.XX_o)
 .debug_aranges
                  0x000350         0x20 c:/program files/microchip/xc16/v2.10/bin/bin/../../lib\libc99-pic30-elf.a(udivsi3.XX_o)
 .debug_aranges
                  0x000370         0x20 c:/program files/microchip/xc16/v2.10/bin/bin/../../lib\libc99-pic30-elf.a(umodsi3.XX_o)
 .debug_aranges
                  0x000390         0x20 c:/program files/microchip/xc16/v2.10/bin/bin/../../lib\libc99-pic30-elf.a(addsf3x.XX_o)
 .debug_aranges
                  0x0003b0         0x20 c:/program files/microchip/xc16/v2.10/bin/bin/../../lib\libc99-pic30-elf.a(divsf3x.XX_o)
 .debug_aranges
                  0x0003d0         0x20 c:/program files/microchip/xc16/v2.10/bin/bin/../../lib\libc99-pic30-elf.a(mulsf3x.XX_o)
 .debug_aranges
                  0x0003f0         0x20 c:/program files/microchip/xc16/v2.10/bin/bin/../../lib\libc99-pic30-elf.a(dnrmpackfx.XX_o)
 .debug_aranges
                  0x000410         0x20 c:/program files/microchip/xc16/v2.10/bin/bin/../../lib\libc99-pic30-elf.a(unpackdnrmfx.XX_o)
 .debug_aranges
                  0x000430         0x20 c:/program files/microchip/xc16/v2.10/bin/bin/../../lib\libc99-pic30-elf.a(typefx.XX_o)
 .debug_aranges
                  0x000450         0x20 c:/program files/microchip/xc16/v2.10/bin/bin/../../lib\libc99-pic30-elf.a(propnanfx.XX_o)
 .debug_aranges
                  0x000470         0x20 c:/program files/microchip/xc16/v2.10/bin/bin/../../lib\libc99-pic30-elf.a(spackfx.XX_o)
 .debug_aranges
                  0x000490         0x20 c:/program files/microchip/xc16/v2.10/bin/bin/../../lib\libc99-pic30-elf.a(unpackfx.XX_o)
 .debug_aranges
                  0x0004b0         0x20 c:/program files/microchip/xc16/v2.10/bin/bin/../../lib\libc99-pic30-elf.a(fcompare.XX_o)
 .debug_aranges
                  0x0004d0         0x20 c:/program files/microchip/xc16/v2.10/bin/bin/../../lib\libc99-pic30-elf.a(floatdisf.XX_o)
 .debug_aranges
                  0x0004f0         0x20 c:/program files/microchip/xc16/v2.10/bin/bin/../../lib\libc99-pic30-elf.a(funpack2.XX_o)
 .debug_aranges
                  0x000510         0x20 c:/program files/microchip/xc16/v2.10/bin/bin/../../lib\libc99-pic30-elf.a(mulsi3.XX_o)
                    0x0000                  WREG0 = 0x0
                    0x0000                  _WREG0 = 0x0
                    0x0002                  WREG1 = 0x2
                    0x0002                  _WREG1 = 0x2
                    0x0004                  WREG2 = 0x4
                    0x0004                  _WREG2 = 0x4
                    0x0006                  WREG3 = 0x6
                    0x0006                  _WREG3 = 0x6
                    0x0008                  WREG4 = 0x8
                    0x0008                  _WREG4 = 0x8
                    0x000a                  WREG5 = 0xa
                    0x000a                  _WREG5 = 0xa
                    0x000c                  WREG6 = 0xc
                    0x000c                  _WREG6 = 0xc
                    0x000e                  WREG7 = 0xe
                    0x000e                  _WREG7 = 0xe
                    0x0010                  WREG8 = 0x10
                    0x0010                  _WREG8 = 0x10
                    0x0012                  WREG9 = 0x12
                    0x0012                  _WREG9 = 0x12
                    0x0014                  WREG10 = 0x14
                    0x0014                  _WREG10 = 0x14
                    0x0016                  WREG11 = 0x16
                    0x0016                  _WREG11 = 0x16
                    0x0018                  WREG12 = 0x18
                    0x0018                  _WREG12 = 0x18
                    0x001a                  WREG13 = 0x1a
                    0x001a                  _WREG13 = 0x1a
                    0x001c                  WREG14 = 0x1c
                    0x001c                  _WREG14 = 0x1c
                    0x001e                  WREG15 = 0x1e
                    0x001e                  _WREG15 = 0x1e
                    0x0020                  SPLIM = 0x20
                    0x0020                  _SPLIM = 0x20
                    0x002e                  PCL = 0x2e
                    0x002e                  _PCL = 0x2e
                    0x0030                  PCH = 0x30
                    0x0030                  _PCH = 0x30
                    0x0032                  TBLPAG = 0x32
                    0x0032                  _TBLPAG = 0x32
                    0x0034                  PSVPAG = 0x34
                    0x0034                  _PSVPAG = 0x34
                    0x0036                  RCOUNT = 0x36
                    0x0036                  _RCOUNT = 0x36
                    0x0042                  SR = 0x42
                    0x0042                  _SR = 0x42
                    0x0042                  _SRbits = 0x42
                    0x0044                  CORCON = 0x44
                    0x0044                  _CORCON = 0x44
                    0x0044                  _CORCONbits = 0x44
                    0x0052                  DISICNT = 0x52
                    0x0052                  _DISICNT = 0x52
                    0x0060                  CNEN1 = 0x60
                    0x0060                  _CNEN1 = 0x60
                    0x0060                  _CNEN1bits = 0x60
                    0x0062                  CNEN2 = 0x62
                    0x0062                  _CNEN2 = 0x62
                    0x0062                  _CNEN2bits = 0x62
                    0x0068                  CNPU1 = 0x68
                    0x0068                  _CNPU1 = 0x68
                    0x0068                  _CNPU1bits = 0x68
                    0x006a                  CNPU2 = 0x6a
                    0x006a                  _CNPU2 = 0x6a
                    0x006a                  _CNPU2bits = 0x6a
                    0x0080                  INTCON1 = 0x80
                    0x0080                  _INTCON1 = 0x80
                    0x0080                  _INTCON1bits = 0x80
                    0x0082                  INTCON2 = 0x82
                    0x0082                  _INTCON2 = 0x82
                    0x0082                  _INTCON2bits = 0x82
                    0x0084                  IFS0 = 0x84
                    0x0084                  _IFS0 = 0x84
                    0x0084                  _IFS0bits = 0x84
                    0x0086                  IFS1 = 0x86
                    0x0086                  _IFS1 = 0x86
                    0x0086                  _IFS1bits = 0x86
                    0x0088                  IFS2 = 0x88
                    0x0088                  _IFS2 = 0x88
                    0x0088                  _IFS2bits = 0x88
                    0x008a                  IFS3 = 0x8a
                    0x008a                  _IFS3 = 0x8a
                    0x008a                  _IFS3bits = 0x8a
                    0x008c                  IFS4 = 0x8c
                    0x008c                  _IFS4 = 0x8c
                    0x008c                  _IFS4bits = 0x8c
                    0x0094                  IEC0 = 0x94
                    0x0094                  _IEC0 = 0x94
                    0x0094                  _IEC0bits = 0x94
                    0x0096                  IEC1 = 0x96
                    0x0096                  _IEC1 = 0x96
                    0x0096                  _IEC1bits = 0x96
                    0x0098                  IEC2 = 0x98
                    0x0098                  _IEC2 = 0x98
                    0x0098                  _IEC2bits = 0x98
                    0x009a                  IEC3 = 0x9a
                    0x009a                  _IEC3 = 0x9a
                    0x009a                  _IEC3bits = 0x9a
                    0x009c                  IEC4 = 0x9c
                    0x009c                  _IEC4 = 0x9c
                    0x009c                  _IEC4bits = 0x9c
                    0x00a4                  IPC0 = 0xa4
                    0x00a4                  _IPC0 = 0xa4
                    0x00a4                  _IPC0bits = 0xa4
                    0x00a6                  IPC1 = 0xa6
                    0x00a6                  _IPC1 = 0xa6
                    0x00a6                  _IPC1bits = 0xa6
                    0x00a8                  IPC2 = 0xa8
                    0x00a8                  _IPC2 = 0xa8
                    0x00a8                  _IPC2bits = 0xa8
                    0x00aa                  IPC3 = 0xaa
                    0x00aa                  _IPC3 = 0xaa
                    0x00aa                  _IPC3bits = 0xaa
                    0x00ac                  IPC4 = 0xac
                    0x00ac                  _IPC4 = 0xac
                    0x00ac                  _IPC4bits = 0xac
                    0x00ae                  IPC5 = 0xae
                    0x00ae                  _IPC5 = 0xae
                    0x00ae                  _IPC5bits = 0xae
                    0x00b0                  IPC6 = 0xb0
                    0x00b0                  _IPC6 = 0xb0
                    0x00b0                  _IPC6bits = 0xb0
                    0x00b2                  IPC7 = 0xb2
                    0x00b2                  _IPC7 = 0xb2
                    0x00b2                  _IPC7bits = 0xb2
                    0x00b4                  IPC8 = 0xb4
                    0x00b4                  _IPC8 = 0xb4
                    0x00b4                  _IPC8bits = 0xb4
                    0x00b6                  IPC9 = 0xb6
                    0x00b6                  _IPC9 = 0xb6
                    0x00b6                  _IPC9bits = 0xb6
                    0x00b8                  IPC10 = 0xb8
                    0x00b8                  _IPC10 = 0xb8
                    0x00b8                  _IPC10bits = 0xb8
                    0x00ba                  IPC11 = 0xba
                    0x00ba                  _IPC11 = 0xba
                    0x00ba                  _IPC11bits = 0xba
                    0x00bc                  IPC12 = 0xbc
                    0x00bc                  _IPC12 = 0xbc
                    0x00bc                  _IPC12bits = 0xbc
                    0x00c2                  IPC15 = 0xc2
                    0x00c2                  _IPC15 = 0xc2
                    0x00c2                  _IPC15bits = 0xc2
                    0x00c4                  IPC16 = 0xc4
                    0x00c4                  _IPC16 = 0xc4
                    0x00c4                  _IPC16bits = 0xc4
                    0x00c8                  IPC18 = 0xc8
                    0x00c8                  _IPC18 = 0xc8
                    0x00c8                  _IPC18bits = 0xc8
                    0x0100                  TMR1 = 0x100
                    0x0100                  _TMR1 = 0x100
                    0x0102                  PR1 = 0x102
                    0x0102                  _PR1 = 0x102
                    0x0104                  T1CON = 0x104
                    0x0104                  _T1CON = 0x104
                    0x0104                  _T1CONbits = 0x104
                    0x0106                  TMR2 = 0x106
                    0x0106                  _TMR2 = 0x106
                    0x0108                  TMR3HLD = 0x108
                    0x0108                  _TMR3HLD = 0x108
                    0x010a                  TMR3 = 0x10a
                    0x010a                  _TMR3 = 0x10a
                    0x010c                  PR2 = 0x10c
                    0x010c                  _PR2 = 0x10c
                    0x010e                  PR3 = 0x10e
                    0x010e                  _PR3 = 0x10e
                    0x0110                  T2CON = 0x110
                    0x0110                  _T2CON = 0x110
                    0x0110                  _T2CONbits = 0x110
                    0x0112                  T3CON = 0x112
                    0x0112                  _T3CON = 0x112
                    0x0112                  _T3CONbits = 0x112
                    0x0114                  TMR4 = 0x114
                    0x0114                  _TMR4 = 0x114
                    0x0116                  TMR5HLD = 0x116
                    0x0116                  _TMR5HLD = 0x116
                    0x0118                  TMR5 = 0x118
                    0x0118                  _TMR5 = 0x118
                    0x011a                  PR4 = 0x11a
                    0x011a                  _PR4 = 0x11a
                    0x011c                  PR5 = 0x11c
                    0x011c                  _PR5 = 0x11c
                    0x011e                  T4CON = 0x11e
                    0x011e                  _T4CON = 0x11e
                    0x011e                  _T4CONbits = 0x11e
                    0x0120                  T5CON = 0x120
                    0x0120                  _T5CON = 0x120
                    0x0120                  _T5CONbits = 0x120
                    0x0140                  IC1BUF = 0x140
                    0x0140                  _IC1BUF = 0x140
                    0x0142                  IC1CON = 0x142
                    0x0142                  _IC1CON = 0x142
                    0x0142                  _IC1CONbits = 0x142
                    0x0144                  IC2BUF = 0x144
                    0x0144                  _IC2BUF = 0x144
                    0x0146                  IC2CON = 0x146
                    0x0146                  _IC2CON = 0x146
                    0x0146                  _IC2CONbits = 0x146
                    0x0148                  IC3BUF = 0x148
                    0x0148                  _IC3BUF = 0x148
                    0x014a                  IC3CON = 0x14a
                    0x014a                  _IC3CON = 0x14a
                    0x014a                  _IC3CONbits = 0x14a
                    0x014c                  IC4BUF = 0x14c
                    0x014c                  _IC4BUF = 0x14c
                    0x014e                  IC4CON = 0x14e
                    0x014e                  _IC4CON = 0x14e
                    0x014e                  _IC4CONbits = 0x14e
                    0x0150                  IC5BUF = 0x150
                    0x0150                  _IC5BUF = 0x150
                    0x0152                  IC5CON = 0x152
                    0x0152                  _IC5CON = 0x152
                    0x0152                  _IC5CONbits = 0x152
                    0x0180                  OC1RS = 0x180
                    0x0180                  _OC1RS = 0x180
                    0x0182                  OC1R = 0x182
                    0x0182                  _OC1R = 0x182
                    0x0184                  OC1CON = 0x184
                    0x0184                  _OC1CON = 0x184
                    0x0184                  _OC1CONbits = 0x184
                    0x0186                  OC2RS = 0x186
                    0x0186                  _OC2RS = 0x186
                    0x0188                  OC2R = 0x188
                    0x0188                  _OC2R = 0x188
                    0x018a                  OC2CON = 0x18a
                    0x018a                  _OC2CON = 0x18a
                    0x018a                  _OC2CONbits = 0x18a
                    0x018c                  OC3RS = 0x18c
                    0x018c                  _OC3RS = 0x18c
                    0x018e                  OC3R = 0x18e
                    0x018e                  _OC3R = 0x18e
                    0x0190                  OC3CON = 0x190
                    0x0190                  _OC3CON = 0x190
                    0x0190                  _OC3CONbits = 0x190
                    0x0192                  OC4RS = 0x192
                    0x0192                  _OC4RS = 0x192
                    0x0194                  OC4R = 0x194
                    0x0194                  _OC4R = 0x194
                    0x0196                  OC4CON = 0x196
                    0x0196                  _OC4CON = 0x196
                    0x0196                  _OC4CONbits = 0x196
                    0x0198                  OC5RS = 0x198
                    0x0198                  _OC5RS = 0x198
                    0x019a                  OC5R = 0x19a
                    0x019a                  _OC5R = 0x19a
                    0x019c                  OC5CON = 0x19c
                    0x019c                  _OC5CON = 0x19c
                    0x019c                  _OC5CONbits = 0x19c
                    0x0200                  I2C1RCV = 0x200
                    0x0200                  _I2C1RCV = 0x200
                    0x0202                  I2C1TRN = 0x202
                    0x0202                  _I2C1TRN = 0x202
                    0x0204                  I2C1BRG = 0x204
                    0x0204                  _I2C1BRG = 0x204
                    0x0206                  I2C1CON = 0x206
                    0x0206                  _I2C1CON = 0x206
                    0x0206                  _I2C1CONbits = 0x206
                    0x0208                  I2C1STAT = 0x208
                    0x0208                  _I2C1STAT = 0x208
                    0x0208                  _I2C1STATbits = 0x208
                    0x020a                  I2C1ADD = 0x20a
                    0x020a                  _I2C1ADD = 0x20a
                    0x020c                  I2C1MSK = 0x20c
                    0x020c                  _I2C1MSK = 0x20c
                    0x0210                  I2C2RCV = 0x210
                    0x0210                  _I2C2RCV = 0x210
                    0x0212                  I2C2TRN = 0x212
                    0x0212                  _I2C2TRN = 0x212
                    0x0214                  I2C2BRG = 0x214
                    0x0214                  _I2C2BRG = 0x214
                    0x0216                  I2C2CON = 0x216
                    0x0216                  _I2C2CON = 0x216
                    0x0216                  _I2C2CONbits = 0x216
                    0x0218                  I2C2STAT = 0x218
                    0x0218                  _I2C2STAT = 0x218
                    0x0218                  _I2C2STATbits = 0x218
                    0x021a                  I2C2ADD = 0x21a
                    0x021a                  _I2C2ADD = 0x21a
                    0x021c                  I2C2MSK = 0x21c
                    0x021c                  _I2C2MSK = 0x21c
                    0x0220                  U1MODE = 0x220
                    0x0220                  _U1MODE = 0x220
                    0x0220                  _U1MODEbits = 0x220
                    0x0222                  U1STA = 0x222
                    0x0222                  _U1STA = 0x222
                    0x0222                  _U1STAbits = 0x222
                    0x0224                  U1TXREG = 0x224
                    0x0224                  _U1TXREG = 0x224
                    0x0226                  U1RXREG = 0x226
                    0x0226                  _U1RXREG = 0x226
                    0x0228                  U1BRG = 0x228
                    0x0228                  _U1BRG = 0x228
                    0x0230                  U2MODE = 0x230
                    0x0230                  _U2MODE = 0x230
                    0x0230                  _U2MODEbits = 0x230
                    0x0232                  U2STA = 0x232
                    0x0232                  _U2STA = 0x232
                    0x0232                  _U2STAbits = 0x232
                    0x0234                  U2TXREG = 0x234
                    0x0234                  _U2TXREG = 0x234
                    0x0236                  U2RXREG = 0x236
                    0x0236                  _U2RXREG = 0x236
                    0x0238                  U2BRG = 0x238
                    0x0238                  _U2BRG = 0x238
                    0x0240                  SPI1STAT = 0x240
                    0x0240                  _SPI1STAT = 0x240
                    0x0240                  _SPI1STATbits = 0x240
                    0x0242                  SPI1CON1 = 0x242
                    0x0242                  _SPI1CON1 = 0x242
                    0x0242                  _SPI1CON1bits = 0x242
                    0x0244                  SPI1CON2 = 0x244
                    0x0244                  _SPI1CON2 = 0x244
                    0x0244                  _SPI1CON2bits = 0x244
                    0x0248                  SPI1BUF = 0x248
                    0x0248                  _SPI1BUF = 0x248
                    0x0260                  SPI2STAT = 0x260
                    0x0260                  _SPI2STAT = 0x260
                    0x0260                  _SPI2STATbits = 0x260
                    0x0262                  SPI2CON1 = 0x262
                    0x0262                  _SPI2CON1 = 0x262
                    0x0262                  _SPI2CON1bits = 0x262
                    0x0264                  SPI2CON2 = 0x264
                    0x0264                  _SPI2CON2 = 0x264
                    0x0264                  _SPI2CON2bits = 0x264
                    0x0268                  SPI2BUF = 0x268
                    0x0268                  _SPI2BUF = 0x268
                    0x02c0                  TRISA = 0x2c0
                    0x02c0                  _TRISA = 0x2c0
                    0x02c0                  _TRISAbits = 0x2c0
                    0x02c2                  PORTA = 0x2c2
                    0x02c2                  _PORTA = 0x2c2
                    0x02c2                  _PORTAbits = 0x2c2
                    0x02c4                  LATA = 0x2c4
                    0x02c4                  _LATA = 0x2c4
                    0x02c4                  _LATAbits = 0x2c4
                    0x02c6                  ODCA = 0x2c6
                    0x02c6                  _ODCA = 0x2c6
                    0x02c6                  _ODCAbits = 0x2c6
                    0x02c8                  TRISB = 0x2c8
                    0x02c8                  _TRISB = 0x2c8
                    0x02c8                  _TRISBbits = 0x2c8
                    0x02ca                  PORTB = 0x2ca
                    0x02ca                  _PORTB = 0x2ca
                    0x02ca                  _PORTBbits = 0x2ca
                    0x02cc                  LATB = 0x2cc
                    0x02cc                  _LATB = 0x2cc
                    0x02cc                  _LATBbits = 0x2cc
                    0x02ce                  ODCB = 0x2ce
                    0x02ce                  _ODCB = 0x2ce
                    0x02ce                  _ODCBbits = 0x2ce
                    0x02fc                  PADCFG1 = 0x2fc
                    0x02fc                  _PADCFG1 = 0x2fc
                    0x02fc                  _PADCFG1bits = 0x2fc
                    0x0300                  ADC1BUF0 = 0x300
                    0x0300                  _ADC1BUF0 = 0x300
                    0x0302                  ADC1BUF1 = 0x302
                    0x0302                  _ADC1BUF1 = 0x302
                    0x0304                  ADC1BUF2 = 0x304
                    0x0304                  _ADC1BUF2 = 0x304
                    0x0306                  ADC1BUF3 = 0x306
                    0x0306                  _ADC1BUF3 = 0x306
                    0x0308                  ADC1BUF4 = 0x308
                    0x0308                  _ADC1BUF4 = 0x308
                    0x030a                  ADC1BUF5 = 0x30a
                    0x030a                  _ADC1BUF5 = 0x30a
                    0x030c                  ADC1BUF6 = 0x30c
                    0x030c                  _ADC1BUF6 = 0x30c
                    0x030e                  ADC1BUF7 = 0x30e
                    0x030e                  _ADC1BUF7 = 0x30e
                    0x0310                  ADC1BUF8 = 0x310
                    0x0310                  _ADC1BUF8 = 0x310
                    0x0312                  ADC1BUF9 = 0x312
                    0x0312                  _ADC1BUF9 = 0x312
                    0x0314                  ADC1BUFA = 0x314
                    0x0314                  _ADC1BUFA = 0x314
                    0x0316                  ADC1BUFB = 0x316
                    0x0316                  _ADC1BUFB = 0x316
                    0x0318                  ADC1BUFC = 0x318
                    0x0318                  _ADC1BUFC = 0x318
                    0x031a                  ADC1BUFD = 0x31a
                    0x031a                  _ADC1BUFD = 0x31a
                    0x031c                  ADC1BUFE = 0x31c
                    0x031c                  _ADC1BUFE = 0x31c
                    0x031e                  ADC1BUFF = 0x31e
                    0x031e                  _ADC1BUFF = 0x31e
                    0x0320                  AD1CON1 = 0x320
                    0x0320                  _AD1CON1 = 0x320
                    0x0320                  _AD1CON1bits = 0x320
                    0x0322                  AD1CON2 = 0x322
                    0x0322                  _AD1CON2 = 0x322
                    0x0322                  _AD1CON2bits = 0x322
                    0x0324                  AD1CON3 = 0x324
                    0x0324                  _AD1CON3 = 0x324
                    0x0324                  _AD1CON3bits = 0x324
                    0x0328                  AD1CHS = 0x328
                    0x0328                  _AD1CHS = 0x328
                    0x0328                  _AD1CHSbits = 0x328
                    0x032c                  AD1PCFG = 0x32c
                    0x032c                  _AD1PCFG = 0x32c
                    0x032c                  _AD1PCFGbits = 0x32c
                    0x0330                  AD1CSSL = 0x330
                    0x0330                  _AD1CSSL = 0x330
                    0x0330                  _AD1CSSLbits = 0x330
                    0x0600                  PMCON = 0x600
                    0x0600                  _PMCON = 0x600
                    0x0600                  _PMCONbits = 0x600
                    0x0602                  PMMODE = 0x602
                    0x0602                  _PMMODE = 0x602
                    0x0602                  _PMMODEbits = 0x602
                    0x0604                  PMADDR = 0x604
                    0x0604                  _PMADDR = 0x604
                    0x0604                  _PMADDRbits = 0x604
                    0x0604                  PMDOUT1 = 0x604
                    0x0604                  _PMDOUT1 = 0x604
                    0x0604                  _PMDOUT1bits = 0x604
                    0x0606                  PMDOUT2 = 0x606
                    0x0606                  _PMDOUT2 = 0x606
                    0x0608                  PMDIN1 = 0x608
                    0x0608                  _PMDIN1 = 0x608
                    0x060a                  PMDIN2 = 0x60a
                    0x060a                  _PMDIN2 = 0x60a
                    0x060c                  PMAEN = 0x60c
                    0x060c                  _PMAEN = 0x60c
                    0x060c                  _PMAENbits = 0x60c
                    0x060e                  PMSTAT = 0x60e
                    0x060e                  _PMSTAT = 0x60e
                    0x060e                  _PMSTATbits = 0x60e
                    0x0620                  ALRMVAL = 0x620
                    0x0620                  _ALRMVAL = 0x620
                    0x0622                  ALCFGRPT = 0x622
                    0x0622                  _ALCFGRPT = 0x622
                    0x0622                  _ALCFGRPTbits = 0x622
                    0x0624                  RTCVAL = 0x624
                    0x0624                  _RTCVAL = 0x624
                    0x0626                  RCFGCAL = 0x626
                    0x0626                  _RCFGCAL = 0x626
                    0x0626                  _RCFGCALbits = 0x626
                    0x0630                  CMCON = 0x630
                    0x0630                  _CMCON = 0x630
                    0x0630                  _CMCONbits = 0x630
                    0x0632                  CVRCON = 0x632
                    0x0632                  _CVRCON = 0x632
                    0x0632                  _CVRCONbits = 0x632
                    0x0640                  CRCCON = 0x640
                    0x0640                  _CRCCON = 0x640
                    0x0640                  _CRCCONbits = 0x640
                    0x0642                  CRCXOR = 0x642
                    0x0642                  _CRCXOR = 0x642
                    0x0642                  _CRCXORbits = 0x642
                    0x0644                  CRCDAT = 0x644
                    0x0644                  _CRCDAT = 0x644
                    0x0646                  CRCWDAT = 0x646
                    0x0646                  _CRCWDAT = 0x646
                    0x0680                  RPINR0 = 0x680
                    0x0680                  _RPINR0 = 0x680
                    0x0680                  _RPINR0bits = 0x680
                    0x0682                  RPINR1 = 0x682
                    0x0682                  _RPINR1 = 0x682
                    0x0682                  _RPINR1bits = 0x682
                    0x0686                  RPINR3 = 0x686
                    0x0686                  _RPINR3 = 0x686
                    0x0686                  _RPINR3bits = 0x686
                    0x0688                  RPINR4 = 0x688
                    0x0688                  _RPINR4 = 0x688
                    0x0688                  _RPINR4bits = 0x688
                    0x068e                  RPINR7 = 0x68e
                    0x068e                  _RPINR7 = 0x68e
                    0x068e                  _RPINR7bits = 0x68e
                    0x0690                  RPINR8 = 0x690
                    0x0690                  _RPINR8 = 0x690
                    0x0690                  _RPINR8bits = 0x690
                    0x0692                  RPINR9 = 0x692
                    0x0692                  _RPINR9 = 0x692
                    0x0692                  _RPINR9bits = 0x692
                    0x0696                  RPINR11 = 0x696
                    0x0696                  _RPINR11 = 0x696
                    0x0696                  _RPINR11bits = 0x696
                    0x06a4                  RPINR18 = 0x6a4
                    0x06a4                  _RPINR18 = 0x6a4
                    0x06a4                  _RPINR18bits = 0x6a4
                    0x06a6                  RPINR19 = 0x6a6
                    0x06a6                  _RPINR19 = 0x6a6
                    0x06a6                  _RPINR19bits = 0x6a6
                    0x06a8                  RPINR20 = 0x6a8
                    0x06a8                  _RPINR20 = 0x6a8
                    0x06a8                  _RPINR20bits = 0x6a8
                    0x06aa                  RPINR21 = 0x6aa
                    0x06aa                  _RPINR21 = 0x6aa
                    0x06aa                  _RPINR21bits = 0x6aa
                    0x06ac                  RPINR22 = 0x6ac
                    0x06ac                  _RPINR22 = 0x6ac
                    0x06ac                  _RPINR22bits = 0x6ac
                    0x06ae                  RPINR23 = 0x6ae
                    0x06ae                  _RPINR23 = 0x6ae
                    0x06ae                  _RPINR23bits = 0x6ae
                    0x06c0                  RPOR0 = 0x6c0
                    0x06c0                  _RPOR0 = 0x6c0
                    0x06c0                  _RPOR0bits = 0x6c0
                    0x06c2                  RPOR1 = 0x6c2
                    0x06c2                  _RPOR1 = 0x6c2
                    0x06c2                  _RPOR1bits = 0x6c2
                    0x06c4                  RPOR2 = 0x6c4
                    0x06c4                  _RPOR2 = 0x6c4
                    0x06c4                  _RPOR2bits = 0x6c4
                    0x06c6                  RPOR3 = 0x6c6
                    0x06c6                  _RPOR3 = 0x6c6
                    0x06c6                  _RPOR3bits = 0x6c6
                    0x06c8                  RPOR4 = 0x6c8
                    0x06c8                  _RPOR4 = 0x6c8
                    0x06c8                  _RPOR4bits = 0x6c8
                    0x06ca                  RPOR5 = 0x6ca
                    0x06ca                  _RPOR5 = 0x6ca
                    0x06ca                  _RPOR5bits = 0x6ca
                    0x06cc                  RPOR6 = 0x6cc
                    0x06cc                  _RPOR6 = 0x6cc
                    0x06cc                  _RPOR6bits = 0x6cc
                    0x06ce                  RPOR7 = 0x6ce
                    0x06ce                  _RPOR7 = 0x6ce
                    0x06ce                  _RPOR7bits = 0x6ce
                    0x0740                  RCON = 0x740
                    0x0740                  _RCON = 0x740
                    0x0740                  _RCONbits = 0x740
                    0x0742                  OSCCON = 0x742
                    0x0742                  _OSCCON = 0x742
                    0x0742                  _OSCCONbits = 0x742
                    0x0742                  OSCCONL = 0x742
                    0x0742                  _OSCCONL = 0x742
                    0x0743                  OSCCONH = 0x743
                    0x0743                  _OSCCONH = 0x743
                    0x0744                  CLKDIV = 0x744
                    0x0744                  _CLKDIV = 0x744
                    0x0744                  _CLKDIVbits = 0x744
                    0x0748                  OSCTUN = 0x748
                    0x0748                  _OSCTUN = 0x748
                    0x0748                  _OSCTUNbits = 0x748
                    0x0760                  NVMCON = 0x760
                    0x0760                  _NVMCON = 0x760
                    0x0760                  _NVMCONbits = 0x760
                    0x0766                  NVMKEY = 0x766
                    0x0766                  _NVMKEY = 0x766
                    0x0770                  PMD1 = 0x770
                    0x0770                  _PMD1 = 0x770
                    0x0770                  _PMD1bits = 0x770
                    0x0772                  PMD2 = 0x772
                    0x0772                  _PMD2 = 0x772
                    0x0772                  _PMD2bits = 0x772
                    0x0774                  PMD3 = 0x774
                    0x0774                  _PMD3 = 0x774
                    0x0774                  _PMD3bits = 0x774
                    0x0140                  IC1 = 0x140
                    0x0140                  _IC1 = 0x140
                    0x0144                  IC2 = 0x144
                    0x0144                  _IC2 = 0x144
                    0x0148                  IC3 = 0x148
                    0x0148                  _IC3 = 0x148
                    0x014c                  IC4 = 0x14c
                    0x014c                  _IC4 = 0x14c
                    0x0150                  IC5 = 0x150
                    0x0150                  _IC5 = 0x150
                    0x0180                  OC1 = 0x180
                    0x0180                  _OC1 = 0x180
                    0x0186                  OC2 = 0x186
                    0x0186                  _OC2 = 0x186
                    0x018c                  OC3 = 0x18c
                    0x018c                  _OC3 = 0x18c
                    0x0192                  OC4 = 0x192
                    0x0192                  _OC4 = 0x192
                    0x0198                  OC5 = 0x198
                    0x0198                  _OC5 = 0x198
                    0x0240                  SPI1 = 0x240
                    0x0240                  _SPI1 = 0x240
                    0x0260                  SPI2 = 0x260
                    0x0260                  _SPI2 = 0x260
                    0x0220                  UART1 = 0x220
                    0x0220                  _UART1 = 0x220
                    0x0230                  UART2 = 0x230
                    0x0230                  _UART2 = 0x230
START GROUP
LOAD c:/program files/microchip/xc16/v2.10/bin/bin/../../lib\libc99-pic30-elf.a
LOAD c:/program files/microchip/xc16/v2.10/bin/bin/../../lib\libm-elf.a
LOAD c:/program files/microchip/xc16/v2.10/bin/bin/../../lib\libc99-elf.a
END GROUP
OUTPUT(dist/BusPirate_v3/production/busPirate.X.production.elf elf32-pic30)
LOAD jump_table
LOAD default_isr
LOAD data_init

.debug_pubtypes
                  0x000530       0x242a
 .debug_pubtypes
                  0x000530        0x144 build/BusPirate_v3/production/_ext/1472/1wire.o
 .debug_pubtypes
                  0x000674        0x217 build/BusPirate_v3/production/_ext/1472/base.o
 .debug_pubtypes
                  0x00088b        0x1c6 build/BusPirate_v3/production/_ext/1472/basic.o
 .debug_pubtypes
                  0x000a51        0x15d build/BusPirate_v3/production/_ext/1472/bitbang.o
 .debug_pubtypes
                  0x000bae         0xe1 build/BusPirate_v3/production/_ext/1472/dio.o
 .debug_pubtypes
                  0x000c8f        0x10c build/BusPirate_v3/production/_ext/1472/jtag.o
 .debug_pubtypes
                  0x000d9b        0x207 build/BusPirate_v3/production/_ext/1472/main.o
 .debug_pubtypes
                  0x000fa2        0x182 build/BusPirate_v3/production/_ext/1472/pic.o
 .debug_pubtypes
                  0x001124        0x13e build/BusPirate_v3/production/_ext/1472/raw2wire.o
 .debug_pubtypes
                  0x001262        0x106 build/BusPirate_v3/production/_ext/1472/raw3wire.o
 .debug_pubtypes
                  0x001368        0x14f build/BusPirate_v3/production/_ext/1472/selftest.o
 .debug_pubtypes
                  0x0014b7        0x22b build/BusPirate_v3/production/_ext/1472/sump.o
 .debug_pubtypes
                  0x0016e2        0x1de build/BusPirate_v3/production/_ext/1472/i2c.o
 .debug_pubtypes
                  0x0018c0        0x353 build/BusPirate_v3/production/_ext/1472/spi.o
 .debug_pubtypes
                  0x001c13        0x1cc build/BusPirate_v3/production/_ext/1472/uart.o
 .debug_pubtypes
                  0x001ddf        0x189 build/BusPirate_v3/production/_ext/1472/openocd.o
 .debug_pubtypes
                  0x001f68         0xed build/BusPirate_v3/production/_ext/1472/messages.o
 .debug_pubtypes
                  0x002055        0x244 build/BusPirate_v3/production/_ext/1472/binary_io.o
 .debug_pubtypes
                  0x002299        0x19e build/BusPirate_v3/production/_ext/1472/proc_menu.o
 .debug_pubtypes
                  0x002437        0x120 build/BusPirate_v3/production/_ext/1472/core.o
 .debug_pubtypes
                  0x002557        0x1a9 build/BusPirate_v3/production/_ext/1472/uart2.o
 .debug_pubtypes
                  0x002700        0x25a build/BusPirate_v3/production/_ext/1472/aux_pin.o

__c30_signature
                  0x00295a        0x126
 __c30_signature
                  0x00295a          0x6 build/BusPirate_v3/production/_ext/1472/1wire.o
 __c30_signature
                  0x002960          0x6 build/BusPirate_v3/production/_ext/1472/base.o
 __c30_signature
                  0x002966          0x6 build/BusPirate_v3/production/_ext/1472/basic.o
 __c30_signature
                  0x00296c          0x6 build/BusPirate_v3/production/_ext/1472/bitbang.o
 __c30_signature
                  0x002972          0x6 build/BusPirate_v3/production/_ext/1472/dio.o
 __c30_signature
                  0x002978          0x6 build/BusPirate_v3/production/_ext/1472/jtag.o
 __c30_signature
                  0x00297e          0x6 build/BusPirate_v3/production/_ext/760884769/lenval.o
 __c30_signature
                  0x002984          0x6 build/BusPirate_v3/production/_ext/760884769/micro.o
 __c30_signature
                  0x00298a          0x6 build/BusPirate_v3/production/_ext/760884769/ports.o
 __c30_signature
                  0x002990          0x6 build/BusPirate_v3/production/_ext/1472/main.o
 __c30_signature
                  0x002996          0x6 build/BusPirate_v3/production/_ext/1472/pc_at_keyboard.o
 __c30_signature
                  0x00299c          0x6 build/BusPirate_v3/production/_ext/1472/pic.o
 __c30_signature
                  0x0029a2          0x6 build/BusPirate_v3/production/_ext/1472/raw2wire.o
 __c30_signature
                  0x0029a8          0x6 build/BusPirate_v3/production/_ext/1472/raw3wire.o
 __c30_signature
                  0x0029ae          0x6 build/BusPirate_v3/production/_ext/1472/selftest.o
 __c30_signature
                  0x0029b4          0x6 build/BusPirate_v3/production/_ext/1472/smps.o
 __c30_signature
                  0x0029ba          0x6 build/BusPirate_v3/production/_ext/1472/sump.o
 __c30_signature
                  0x0029c0          0x6 build/BusPirate_v3/production/_ext/1472/i2c.o
 __c30_signature
                  0x0029c6          0x6 build/BusPirate_v3/production/_ext/1472/hd44780.o
 __c30_signature
                  0x0029cc          0x6 build/BusPirate_v3/production/_ext/1472/spi.o
 __c30_signature
                  0x0029d2          0x6 build/BusPirate_v3/production/_ext/1472/uart.o
 __c30_signature
                  0x0029d8          0x6 build/BusPirate_v3/production/_ext/1472/openocd.o
 __c30_signature
                  0x0029de          0x6 build/BusPirate_v3/production/_ext/1472/messages.o
 __c30_signature
                  0x0029e4          0x6 build/BusPirate_v3/production/_ext/1472/binary_io.o
 __c30_signature
                  0x0029ea          0x6 build/BusPirate_v3/production/_ext/1472/proc_menu.o
 __c30_signature
                  0x0029f0          0x6 build/BusPirate_v3/production/_ext/1472/core.o
 __c30_signature
                  0x0029f6          0x6 build/BusPirate_v3/production/_ext/1472/uart2.o
 __c30_signature
                  0x0029fc          0x6 build/BusPirate_v3/production/_ext/1472/aux_pin.o
 __c30_signature
                  0x002a02          0x6 c:/program files/microchip/xc16/v2.10/bin/bin/../../lib\libc99-pic30-elf.a(crt0_standard.o)
 __c30_signature
                  0x002a08          0x6 c:/program files/microchip/xc16/v2.10/bin/bin/../../lib\libc99-pic30-elf.a(data_init_standard.o)
 __c30_signature
                  0x002a0e          0x6 c:/program files/microchip/xc16/v2.10/bin/bin/../../lib\libc99-pic30-elf.a(feqltle.XX_o)
 __c30_signature
                  0x002a14          0x6 c:/program files/microchip/xc16/v2.10/bin/bin/../../lib\libc99-pic30-elf.a(fgtge.XX_o)
 __c30_signature
                  0x002a1a          0x6 c:/program files/microchip/xc16/v2.10/bin/bin/../../lib\libc99-pic30-elf.a(fixunssfdi.XX_o)
 __c30_signature
                  0x002a20          0x6 c:/program files/microchip/xc16/v2.10/bin/bin/../../lib\libc99-pic30-elf.a(fixunssfsi.XX_o)
 __c30_signature
                  0x002a26          0x6 c:/program files/microchip/xc16/v2.10/bin/bin/../../lib\libc99-pic30-elf.a(floatsisf.XX_o)
 __c30_signature
                  0x002a2c          0x6 c:/program files/microchip/xc16/v2.10/bin/bin/../../lib\libc99-pic30-elf.a(floatundisf.XX_o)
 __c30_signature
                  0x002a32          0x6 c:/program files/microchip/xc16/v2.10/bin/bin/../../lib\libc99-pic30-elf.a(floatunsisf.XX_o)
 __c30_signature
                  0x002a38          0x6 c:/program files/microchip/xc16/v2.10/bin/bin/../../lib\libc99-pic30-elf.a(fpack.XX_o)
 __c30_signature
                  0x002a3e          0x6 c:/program files/microchip/xc16/v2.10/bin/bin/../../lib\libc99-pic30-elf.a(funpack.XX_o)
 __c30_signature
                  0x002a44          0x6 c:/program files/microchip/xc16/v2.10/bin/bin/../../lib\libc99-pic30-elf.a(udivsi3.XX_o)
 __c30_signature
                  0x002a4a          0x6 c:/program files/microchip/xc16/v2.10/bin/bin/../../lib\libc99-pic30-elf.a(umodsi3.XX_o)
 __c30_signature
                  0x002a50          0x6 c:/program files/microchip/xc16/v2.10/bin/bin/../../lib\libc99-pic30-elf.a(divmoddi3.XX_o)
 __c30_signature
                  0x002a56          0x6 c:/program files/microchip/xc16/v2.10/bin/bin/../../lib\libc99-pic30-elf.a(errno.XX_o)
 __c30_signature
                  0x002a5c          0x6 c:/program files/microchip/xc16/v2.10/bin/bin/../../lib\libc99-pic30-elf.a(fcompare.XX_o)
 __c30_signature
                  0x002a62          0x6 c:/program files/microchip/xc16/v2.10/bin/bin/../../lib\libc99-pic30-elf.a(floatdisf.XX_o)
 __c30_signature
                  0x002a68          0x6 c:/program files/microchip/xc16/v2.10/bin/bin/../../lib\libc99-pic30-elf.a(funpack2.XX_o)
 __c30_signature
                  0x002a6e          0x6 c:/program files/microchip/xc16/v2.10/bin/bin/../../lib\libc99-elf.a(memcpy.XX_o)
 __c30_signature
                  0x002a74          0x6 c:/program files/microchip/xc16/v2.10/bin/bin/../../lib\libc99-elf.a(memset.XX_o)
 __c30_signature
                  0x002a7a          0x6 c:/program files/microchip/xc16/v2.10/bin/bin/../../lib\libc99-pic30-elf.a(mulsi3.XX_o)

_0000000004A30AA0_at_address_00000000000027FC
                    0x27fc          0x4
 _0000000004A30AA0_at_address_00000000000027FC
                    0x27fc          0x4 build/BusPirate_v3/production/_ext/1472/main.o

_0000000004965AA0_at_address_00000000000027FA
                    0x27fa          0x2
 _0000000004965AA0_at_address_00000000000027FA
                    0x27fa          0x2 build/BusPirate_v3/production/_ext/1472/proc_menu.o

.nbss               0x0800          0x2
 .nbss              0x0800          0x2 c:/program files/microchip/xc16/v2.10/bin/bin/../../lib\libc99-pic30-elf.a(errno.XX_o)
                    0x0800                  _errno

.bss.end            0x0802       0x1000
 .bss.end           0x0802       0x1000 build/BusPirate_v3/production/_ext/1472/main.o

.bss                0x1802        0x468
 .bss               0x1802        0x468 build/BusPirate_v3/production/_ext/1472/basic.o

.data               0x1c6a        0x1b0
 .data              0x1c6a        0x1b0 build/BusPirate_v3/production/_ext/1472/core.o
                    0x1c6a                  _enabled_protocols

.bss                0x1e1a         0xd4
 .bss               0x1e1a         0xd4 build/BusPirate_v3/production/_ext/1472/proc_menu.o
                    0x1e1a                  _cmdbuf
                    0x1e9a                  _cmdend
                    0x1e9c                  _cmdstart

.data               0x1eee         0x5e
 .data              0x1eee         0x5e build/BusPirate_v3/production/_ext/1472/1wire.o

.bss.filereg        0x1f4c          0xc
 .bss.filereg       0x1f4c          0xc build/BusPirate_v3/production/_ext/1472/base.o
                    0x1f4c                  _UART1RXBuf
                    0x1f4e                  _UART1RXToRecv
                    0x1f50                  _UART1RXRecvd
                    0x1f52                  _UART1TXBuf
                    0x1f54                  _UART1TXSent
                    0x1f56                  _UART1TXAvailable

.data               0x1f58          0xc
 .data              0x1f58          0xc build/BusPirate_v3/production/_ext/1472/main.o
                    0x1f58                  _bus_pirate_configuration

.bss                0x1f64         0x32
 .bss               0x1f64          0xa build/BusPirate_v3/production/_ext/1472/main.o
                    0x1f64                  _mode_configuration
                    0x1f68                  _last_command
 .bss               0x1f6e          0x6 build/BusPirate_v3/production/_ext/1472/sump.o
 .bss               0x1f74          0x6 build/BusPirate_v3/production/_ext/1472/i2c.o
 .bss               0x1f7a          0x6 build/BusPirate_v3/production/_ext/1472/aux_pin.o
 .bss               0x1f80          0x4 build/BusPirate_v3/production/_ext/1472/base.o
 .bss               0x1f84          0x4 build/BusPirate_v3/production/_ext/1472/bitbang.o
 .bss               0x1f88          0x2 build/BusPirate_v3/production/_ext/1472/pic.o
 .bss               0x1f8a          0x2 build/BusPirate_v3/production/_ext/1472/raw3wire.o
 .bss               0x1f8c          0x2 build/BusPirate_v3/production/_ext/1472/selftest.o
 .bss               0x1f8e          0x2 build/BusPirate_v3/production/_ext/1472/spi.o
 .bss               0x1f90          0x2 build/BusPirate_v3/production/_ext/1472/uart.o
 .bss               0x1f92          0x2 build/BusPirate_v3/production/_ext/1472/openocd.o
 .bss               0x1f94          0x2 build/BusPirate_v3/production/_ext/1472/binary_io.o

.config_JTAGEN    0x00abfe          0x2
 .config_JTAGEN
                  0x00abfe          0x2 build/BusPirate_v3/production/_ext/1472/base.o

.config_IESO      0x00abfc          0x2
 .config_IESO     0x00abfc          0x2 build/BusPirate_v3/production/_ext/1472/base.o

.ivt._U1RXInterrupt
                  0x00002a          0x2
 .ivt._U1RXInterrupt
                  0x00002a          0x2 build/BusPirate_v3/production/_ext/1472/base.o

.ivt._U1TXInterrupt
                  0x00002c          0x2
 .ivt._U1TXInterrupt
                  0x00002c          0x2 build/BusPirate_v3/production/_ext/1472/base.o

.const              0x8f32        0x3b4 load address 0x000f32  
 .const             0x8f32        0x112 build/BusPirate_v3/production/_ext/1472/basic.o
 .const             0x9044        0x106 build/BusPirate_v3/production/_ext/1472/1wire.o
 .const             0x914a         0x78 build/BusPirate_v3/production/_ext/1472/proc_menu.o
 .const             0x91c2         0x5a build/BusPirate_v3/production/_ext/1472/raw2wire.o
 .const             0x921c         0x56 build/BusPirate_v3/production/_ext/1472/uart.o
                    0x921e                  _UART_BRG_SPEED
 .const             0x9272         0x20 build/BusPirate_v3/production/_ext/1472/base.o
 .const             0x9292         0x1a build/BusPirate_v3/production/_ext/1472/sump.o
 .const             0x92ac         0x10 build/BusPirate_v3/production/_ext/1472/binary_io.o
 .const             0x92bc          0xe build/BusPirate_v3/production/_ext/1472/spi.o
 .const             0x92ca          0x8 build/BusPirate_v3/production/_ext/1472/bitbang.o
 .const             0x92d2          0x6 build/BusPirate_v3/production/_ext/1472/main.o
 .const             0x92d8          0x4 build/BusPirate_v3/production/_ext/1472/pic.o
 .const             0x92dc          0x4 build/BusPirate_v3/production/_ext/1472/i2c.o
 .const             0x92e0          0x2 build/BusPirate_v3/production/_ext/1472/messages.o
 .const             0x92e2          0x2 build/BusPirate_v3/production/_ext/1472/core.o
 .const             0x92e4          0x2 build/BusPirate_v3/production/_ext/1472/aux_pin.o

.text             0x0012e6       0x66d0
 .text            0x0012e6       0x18b6 build/BusPirate_v3/production/_ext/1472/proc_menu.o
                  0x0019f0                  _getint
                  0x001b24                  _getrepeat
                  0x001b4e                  _getnumbits
                  0x001b78                  _consumewhitechars
                  0x001bea                  _getnumber
                  0x001d12                  _cmdhistory
                  0x001df4                  _changemode
                  0x001fae                  _print_version_info
                  0x0020ec                  _serviceuser
 .text            0x002b9c        0xc62 build/BusPirate_v3/production/_ext/1472/basic.o
                  0x003622                  _bp_basic_initialize
                  0x003640                  _bp_basic_enter_interactive_interpreter
 .text            0x0037fe        0x9cc build/BusPirate_v3/production/_ext/1472/binary_io.o
                  0x0039a0                  _bitbang_pin_direction_set
                  0x003a1a                  _bitbang_pin_state_set
                  0x003aba                  _bp_binary_io_peripherals_set
                  0x004036                  _enter_binary_bitbang_mode
 .text            0x0041ca        0x854 build/BusPirate_v3/production/_ext/1472/spi.o
                  0x004294                  _spi_start_with_read
                  0x00429a                  _spi_start
                  0x0042a0                  _spi_stop
                  0x0042c6                  _spi_print_settings
                  0x004334                  _spi_setup_prepare
                  0x00449e                  _spi_print_pins_state
                  0x0044a8                  _spi_setup
                  0x00450a                  _spi_setup_execute
                  0x004524                  _spi_disable_interface
                  0x004626                  _spi_run_macro
                  0x0046dc                  _spi_cleanup
                  0x0046e0                  _spi_write_byte
                  0x004896                  _spi_write
                  0x0048a8                  _spi_read
                  0x0048b0                  _spi_enter_binary_io
 .text            0x004a1e        0x816 build/BusPirate_v3/production/_ext/1472/uart.o
                  0x004b78                  _uart_read
                  0x004bc0                  _uart_write
                  0x004bc8                  _UARTsettings
                  0x004c44                  _uart_setup_prepare
                  0x004dfa                  _uart_setup_execute
                  0x004e4a                  _uart_cleanup
                  0x004e50                  _uart_run_macro
                  0x004f50                  _uart_start
                  0x004f64                  _uart_stop
                  0x004f76                  _uart_periodic_callback
                  0x004ffc                  _uart_pins_state
                  0x005006                  _binUART
 .text            0x005234        0x74c build/BusPirate_v3/production/_ext/1472/aux_pin.o
                  0x005332                  _bp_update_pwm
                  0x005382                  _bp_update_duty_cycle
                  0x00538a                  _bp_pwm_setup
                  0x00549e                  _bp_frequency_counter_setup
                  0x0057c4                  _bp_measure_frequency
                  0x005800                  _bp_aux_pin_set_high_impedance
                  0x005818                  _bp_aux_pin_set_high
                  0x005834                  _bp_aux_pin_set_low
                  0x005850                  _bp_aux_pin_read
                  0x005874                  _bp_servo_setup
 .text            0x005980        0x65e build/BusPirate_v3/production/_ext/1472/1wire.o
                  0x005c70                  _onewire_read
                  0x005c78                  _onewire_write
                  0x005c7e                  _onewire_read_bit
                  0x005c84                  _onewire_clock_pulse
                  0x005c8e                  _onewire_data_state
                  0x005c96                  _onewire_data_low
                  0x005ca4                  _onewire_data_high
                  0x005cb2                  _onewire_setup_prepare
                  0x005cec                  _onewire_setup_execute
                  0x005cf2                  _onewire_pins_state
                  0x005cfc                  _onewire_reset
                  0x005d40                  _onewire_run_macro
                  0x005ed0                  _binary_io_enter_1wire_mode
 .text            0x005fde        0x64c build/BusPirate_v3/production/_ext/1472/i2c.o
                  0x0061d4                  _i2c_read
                  0x00620a                  _i2c_write
                  0x006266                  _i2c_start
                  0x0062b2                  _i2c_stop
                  0x0062e2                  _i2c_print_settings
                  0x006306                  _i2c_setup_prepare
                  0x00635e                  _i2c_setup_execute
                  0x00637a                  _i2c_cleanup
                  0x006380                  _i2c_macro
                  0x006470                  _i2c_pins_state
                  0x00647a                  _binary_io_enter_i2c_mode